Archive member included to satisfy reference by file (symbol)

C:\Users\junkm\AppData\Local\Temp\VMBuilds\BeaconGPS\adafruit_adafruit_feather_m0\Release/core.a(cortex_handlers.c.o)
                              (Reset_Handler)
C:\Users\junkm\AppData\Local\Temp\VMBuilds\BeaconGPS\adafruit_adafruit_feather_m0\Release/core.a(delay.c.o)
                              BeaconGPS.cpp.o (millis)
C:\Users\junkm\AppData\Local\Temp\VMBuilds\BeaconGPS\adafruit_adafruit_feather_m0\Release/core.a(hooks.c.o)
                              RadioHead\RHGenericDriver.cpp.o (yield)
C:\Users\junkm\AppData\Local\Temp\VMBuilds\BeaconGPS\adafruit_adafruit_feather_m0\Release/core.a(startup.c.o)
                              C:\Users\junkm\AppData\Local\Temp\VMBuilds\BeaconGPS\adafruit_adafruit_feather_m0\Release/core.a(cortex_handlers.c.o) (SystemInit)
C:\Users\junkm\AppData\Local\Temp\VMBuilds\BeaconGPS\adafruit_adafruit_feather_m0\Release/core.a(WInterrupts.c.o)
                              RadioHead\RH_CC110.cpp.o (attachInterrupt)
C:\Users\junkm\AppData\Local\Temp\VMBuilds\BeaconGPS\adafruit_adafruit_feather_m0\Release/core.a(wiring.c.o)
                              C:\Users\junkm\AppData\Local\Temp\VMBuilds\BeaconGPS\adafruit_adafruit_feather_m0\Release/core.a(startup.c.o) (SystemCoreClock)
C:\Users\junkm\AppData\Local\Temp\VMBuilds\BeaconGPS\adafruit_adafruit_feather_m0\Release/core.a(wiring_analog.c.o)
                              C:\Users\junkm\AppData\Local\Temp\VMBuilds\BeaconGPS\adafruit_adafruit_feather_m0\Release/core.a(wiring.c.o) (analogReference)
C:\Users\junkm\AppData\Local\Temp\VMBuilds\BeaconGPS\adafruit_adafruit_feather_m0\Release/core.a(wiring_digital.c.o)
                              BeaconGPS.cpp.o (pinMode)
C:\Users\junkm\AppData\Local\Temp\VMBuilds\BeaconGPS\adafruit_adafruit_feather_m0\Release/core.a(wiring_private.c.o)
                              SPI\SPI.cpp.o (pinPeripheral)
C:\Users\junkm\AppData\Local\Temp\VMBuilds\BeaconGPS\adafruit_adafruit_feather_m0\Release/core.a(abi.cpp.o)
                              RadioHead\RHGenericDriver.cpp.o (__cxa_pure_virtual)
C:\Users\junkm\AppData\Local\Temp\VMBuilds\BeaconGPS\adafruit_adafruit_feather_m0\Release/core.a(main.cpp.o)
                              c:/users/junkm/appdata/local/arduino15/packages/arduino/tools/arm-none-eabi-gcc/7-2017q4/bin/../lib/gcc/arm-none-eabi/7.2.1/../../../../arm-none-eabi/lib/thumb/v6-m/crt0.o (main)
C:\Users\junkm\AppData\Local\Temp\VMBuilds\BeaconGPS\adafruit_adafruit_feather_m0\Release/core.a(Print.cpp.o)
                              RadioHead\RHRouter.cpp.o (Print::print(char const*))
C:\Users\junkm\AppData\Local\Temp\VMBuilds\BeaconGPS\adafruit_adafruit_feather_m0\Release/core.a(Reset.cpp.o)
                              C:\Users\junkm\AppData\Local\Temp\VMBuilds\BeaconGPS\adafruit_adafruit_feather_m0\Release/core.a(delay.c.o) (tickReset)
C:\Users\junkm\AppData\Local\Temp\VMBuilds\BeaconGPS\adafruit_adafruit_feather_m0\Release/core.a(SERCOM.cpp.o)
                              C:\Users\junkm\AppData\Local\Temp\VMBCore\arduino16x\f0b185a0523ead7a5b31faae64a1d08b\variant\variant.cpp.o (SERCOM::SERCOM(Sercom*))
C:\Users\junkm\AppData\Local\Temp\VMBuilds\BeaconGPS\adafruit_adafruit_feather_m0\Release/core.a(Uart.cpp.o)
                              BeaconGPS.cpp.o (Uart::begin(unsigned long))
C:\Users\junkm\AppData\Local\Temp\VMBuilds\BeaconGPS\adafruit_adafruit_feather_m0\Release/core.a(WMath.cpp.o)
                              RadioHead\RHReliableDatagram.cpp.o (random(long, long))
C:\Users\junkm\AppData\Local\Temp\VMBuilds\BeaconGPS\adafruit_adafruit_feather_m0\Release/core.a(WString.cpp.o)
                              BeaconGPS.cpp.o (String::~String())
C:\Users\junkm\AppData\Local\Temp\VMBuilds\BeaconGPS\adafruit_adafruit_feather_m0\Release/core.a(CDC.cpp.o)
                              BeaconGPS.cpp.o (Serial_::begin(unsigned long))
C:\Users\junkm\AppData\Local\Temp\VMBuilds\BeaconGPS\adafruit_adafruit_feather_m0\Release/core.a(USBCore.cpp.o)
                              C:\Users\junkm\AppData\Local\Temp\VMBuilds\BeaconGPS\adafruit_adafruit_feather_m0\Release/core.a(main.cpp.o) (USBDeviceClass::init())
C:\Users\junkm\AppData\Local\Temp\VMBuilds\BeaconGPS\adafruit_adafruit_feather_m0\Release/core.a(itoa.c.o)
                              C:\Users\junkm\AppData\Local\Temp\VMBuilds\BeaconGPS\adafruit_adafruit_feather_m0\Release/core.a(WString.cpp.o) (ltoa)
C:\Users\junkm\AppData\Local\Temp\VMBuilds\BeaconGPS\adafruit_adafruit_feather_m0\Release/core.a(dtostrf.c.o)
                              C:\Users\junkm\AppData\Local\Temp\VMBuilds\BeaconGPS\adafruit_adafruit_feather_m0\Release/core.a(WString.cpp.o) (dtostrf)
C:\Users\junkm\AppData\Local\Temp\VMBuilds\BeaconGPS\adafruit_adafruit_feather_m0\Release/core.a(new.cpp.o)
                              C:\Users\junkm\AppData\Local\Temp\VMBuilds\BeaconGPS\adafruit_adafruit_feather_m0\Release/core.a(USBCore.cpp.o) (operator new(unsigned int))
[...]
Memory Configuration

Name             Origin             Length             Attributes
FLASH            0x00002000         0x0003e000         xr
RAM              0x20000000         0x00008000         xrw
*default*        0x00000000         0xffffffff

Linker script and memory map

LOAD c:/users/junkm/appdata/local/arduino15/packages/arduino/tools/arm-none-eabi-gcc/7-2017q4/bin/../lib/gcc/arm-none-eabi/7.2.1/thumb/v6-m/crti.o
LOAD c:/users/junkm/appdata/local/arduino15/packages/arduino/tools/arm-none-eabi-gcc/7-2017q4/bin/../lib/gcc/arm-none-eabi/7.2.1/thumb/v6-m/crtbegin.o
LOAD c:/users/junkm/appdata/local/arduino15/packages/arduino/tools/arm-none-eabi-gcc/7-2017q4/bin/../lib/gcc/arm-none-eabi/7.2.1/../../../../arm-none-eabi/lib/thumb/v6-m/crt0.o
LOAD BeaconGPS.cpp.o
LOAD RadioHead\RHCRC.cpp.o
LOAD RadioHead\RHDatagram.cpp.o
LOAD RadioHead\RHGenericDriver.cpp.o
LOAD RadioHead\RHGenericSPI.cpp.o
LOAD RadioHead\RHHardwareSP12.cpp.o
LOAD RadioHead\RHHardwareSP1I.cpp.o
LOAD RadioHead\RHHardwareSPI.cpp.o
LOAD RadioHead\RHMesh.cpp.o
LOAD RadioHead\RHNRFSPIDriver.cpp.o
LOAD RadioHead\RHReliableDatagram.cpp.o
LOAD RadioHead\RHRouter.cpp.o
LOAD RadioHead\RHSoftwareSPI.cpp.o
LOAD RadioHead\RHSPIDriver.cpp.o
LOAD RadioHead\RH_ASK.cpp.o
LOAD RadioHead\RH_CC110.cpp.o
LOAD RadioHead\RH_MRF89.cpp.o
LOAD RadioHead\RH_NRF24.cpp.o
LOAD RadioHead\RH_NRF51.cpp.o
LOAD RadioHead\RH_NRF905.cpp.o
LOAD RadioHead\RH_RF22.cpp.o
LOAD RadioHead\RH_RF24.cpp.o
LOAD RadioHead\RH_RF69.cpp.o
LOAD RadioHead\RH_RF95.cpp.o
LOAD RadioHead\RH_Serial.cpp.o
LOAD RadioHead\RH_TCP.cpp.o
LOAD SPI\SPI.cpp.o
LOAD Adafruit_ZeroDMA\Adafruit_ZeroDMA.cpp.o
LOAD C:\Users\junkm\AppData\Local\Temp\VMBCore\arduino16x\f0b185a0523ead7a5b31faae64a1d08b\variant\variant.cpp.o
START GROUP
LOAD C:\Users\junkm\AppData\Local\arduino15\packages\arduino\tools\CMSIS\4.5.0/CMSIS/Lib/GCC/\libarm_cortexM0l_math.a
LOAD C:\Users\junkm\AppData\Local\Temp\VMBuilds\BeaconGPS\adafruit_adafruit_feather_m0\Release/core.a
END GROUP
LOAD c:/users/junkm/appdata/local/arduino15/packages/arduino/tools/arm-none-eabi-gcc/7-2017q4/bin/../lib/gcc/arm-none-eabi/7.2.1/../../../../arm-none-eabi/lib/thumb/v6-m\libstdc++_nano.a
LOAD c:/users/junkm/appdata/local/arduino15/packages/arduino/tools/arm-none-eabi-gcc/7-2017q4/bin/../lib/gcc/arm-none-eabi/7.2.1/../../../../arm-none-eabi/lib/thumb/v6-m\libm.a
START GROUP
LOAD c:/users/junkm/appdata/local/arduino15/packages/arduino/tools/arm-none-eabi-gcc/7-2017q4/bin/../lib/gcc/arm-none-eabi/7.2.1/thumb/v6-m\libgcc.a
LOAD c:/users/junkm/appdata/local/arduino15/packages/arduino/tools/arm-none-eabi-gcc/7-2017q4/bin/../lib/gcc/arm-none-eabi/7.2.1/../../../../arm-none-eabi/lib/thumb/v6-m\libc_nano.a
END GROUP
START GROUP
LOAD c:/users/junkm/appdata/local/arduino15/packages/arduino/tools/arm-none-eabi-gcc/7-2017q4/bin/../lib/gcc/arm-none-eabi/7.2.1/thumb/v6-m\libgcc.a
LOAD c:/users/junkm/appdata/local/arduino15/packages/arduino/tools/arm-none-eabi-gcc/7-2017q4/bin/../lib/gcc/arm-none-eabi/7.2.1/../../../../arm-none-eabi/lib/thumb/v6-m\libc_nano.a
LOAD c:/users/junkm/appdata/local/arduino15/packages/arduino/tools/arm-none-eabi-gcc/7-2017q4/bin/../lib/gcc/arm-none-eabi/7.2.1/../../../../arm-none-eabi/lib/thumb/v6-m\libnosys.a
END GROUP
START GROUP
LOAD c:/users/junkm/appdata/local/arduino15/packages/arduino/tools/arm-none-eabi-gcc/7-2017q4/bin/../lib/gcc/arm-none-eabi/7.2.1/thumb/v6-m\libgcc.a
LOAD c:/users/junkm/appdata/local/arduino15/packages/arduino/tools/arm-none-eabi-gcc/7-2017q4/bin/../lib/gcc/arm-none-eabi/7.2.1/../../../../arm-none-eabi/lib/thumb/v6-m\libc_nano.a
LOAD c:/users/junkm/appdata/local/arduino15/packages/arduino/tools/arm-none-eabi-gcc/7-2017q4/bin/../lib/gcc/arm-none-eabi/7.2.1/../../../../arm-none-eabi/lib/thumb/v6-m\libnosys.a
END GROUP
LOAD c:/users/junkm/appdata/local/arduino15/packages/arduino/tools/arm-none-eabi-gcc/7-2017q4/bin/../lib/gcc/arm-none-eabi/7.2.1/thumb/v6-m/crtend.o
LOAD c:/users/junkm/appdata/local/arduino15/packages/arduino/tools/arm-none-eabi-gcc/7-2017q4/bin/../lib/gcc/arm-none-eabi/7.2.1/thumb/v6-m/crtn.o

.text           0x00002000     0x8ce0
                0x00002000                __text_start__ = .
 *(.sketch_boot)
                0x00002000                . = ALIGN (0x2000)
 *(.isr_vector)
 .isr_vector    0x00002000       0xb4 C:\Users\junkm\AppData\Local\Temp\VMBuilds\BeaconGPS\adafruit_adafruit_feather_m0\Release/core.a(cortex_handlers.c.o)
                0x00002000                exception_table
 *(.text*)
 .text          0x000020b4       0x48 c:/users/junkm/appdata/local/arduino15/packages/arduino/tools/arm-none-eabi-gcc/7-2017q4/bin/../lib/gcc/arm-none-eabi/7.2.1/thumb/v6-m/crtbegin.o
 .text._Z5debug6String
                0x000020fc       0x10 BeaconGPS.cpp.o
                0x000020fc                debug(String)
 .text._Z10resetRFM69v
                0x0000210c       0x20 BeaconGPS.cpp.o
                0x0000210c                resetRFM69()
 .text.startup._GLOBAL__sub_I_rf69
                0x0000212c       0x18 BeaconGPS.cpp.o
 .text.loop     0x00002144       0x30 BeaconGPS.cpp.o
                0x00002144                loop
 .text._Z10setupRFM69v
                0x00002174       0xc8 BeaconGPS.cpp.o
                0x00002174                setupRFM69()
 .text._Z11setUpSerialv
                0x0000223c       0x2c BeaconGPS.cpp.o
                0x0000223c                setUpSerial()
 .text.setup    0x00002268       0x18 BeaconGPS.cpp.o
                0x00002268                setup
 .text._ZN15RHGenericDriver4initEv
                0x00002280        0x4 RadioHead\RHGenericDriver.cpp.o
                0x00002280                RHGenericDriver::init()
 .text._ZN15RHGenericDriver14setPromiscuousEb
                0x00002284        0x4 RadioHead\RHGenericDriver.cpp.o
                0x00002284                RHGenericDriver::setPromiscuous(bool)
 .text._ZN15RHGenericDriver14setThisAddressEh
                0x00002288        0x4 RadioHead\RHGenericDriver.cpp.o
                0x00002288                RHGenericDriver::setThisAddress(unsigned char)
 .text._ZN15RHGenericDriver11setHeaderToEh
                0x0000228c        0x4 RadioHead\RHGenericDriver.cpp.o
                0x0000228c                RHGenericDriver::setHeaderTo(unsigned char)
 .text._ZN15RHGenericDriver13setHeaderFromEh
                0x00002290        0x4 RadioHead\RHGenericDriver.cpp.o
                0x00002290                RHGenericDriver::setHeaderFrom(unsigned char)
 .text._ZN15RHGenericDriver11setHeaderIdEh
                0x00002294        0x4 RadioHead\RHGenericDriver.cpp.o
                0x00002294                RHGenericDriver::setHeaderId(unsigned char)
 .text._ZN15RHGenericDriver14setHeaderFlagsEhh
                0x00002298        0xa RadioHead\RHGenericDriver.cpp.o
                0x00002298                RHGenericDriver::setHeaderFlags(unsigned char, unsigned char)
 .text._ZN15RHGenericDriver8headerToEv
                0x000022a2        0x6 RadioHead\RHGenericDriver.cpp.o
                0x000022a2                RHGenericDriver::headerTo()
 .text._ZN15RHGenericDriver10headerFromEv
                0x000022a8        0x6 RadioHead\RHGenericDriver.cpp.o
                0x000022a8                RHGenericDriver::headerFrom()
 .text._ZN15RHGenericDriver8headerIdEv
                0x000022ae        0x6 RadioHead\RHGenericDriver.cpp.o
                0x000022ae                RHGenericDriver::headerId()
 .text._ZN15RHGenericDriver11headerFlagsEv
                0x000022b4        0x6 RadioHead\RHGenericDriver.cpp.o
                0x000022b4                RHGenericDriver::headerFlags()
 .text._ZN15RHGenericDriver5sleepEv
                0x000022ba        0x4 RadioHead\RHGenericDriver.cpp.o
                0x000022ba                RHGenericDriver::sleep()
 .text._ZN15RHGenericDriver13waitAvailableEv
                0x000022be       0x18 RadioHead\RHGenericDriver.cpp.o
                0x000022be                RHGenericDriver::waitAvailable()
 .text._ZN15RHGenericDriver14waitPacketSentEv
                0x000022d6       0x14 RadioHead\RHGenericDriver.cpp.o
                0x000022d6                RHGenericDriver::waitPacketSent()
 .text._ZN15RHGenericDriver20waitAvailableTimeoutEt
                0x000022ea       0x2c RadioHead\RHGenericDriver.cpp.o
                0x000022ea                RHGenericDriver::waitAvailableTimeout(unsigned short)
 .text._ZN15RHGenericDriver14waitPacketSentEt
                0x00002316       0x2a RadioHead\RHGenericDriver.cpp.o
                0x00002316                RHGenericDriver::waitPacketSent(unsigned short)
 .text._ZN15RHGenericDriverC2Ev
                0x00002340       0x24 RadioHead\RHGenericDriver.cpp.o
                0x00002340                RHGenericDriver::RHGenericDriver()
                0x00002340                RHGenericDriver::RHGenericDriver()
 .text._ZN12RHGenericSPI15attachInterruptEv
                0x00002364        0x2 RadioHead\RHGenericSPI.cpp.o
                0x00002364                RHGenericSPI::attachInterrupt()
 .text._ZN12RHGenericSPI15detachInterruptEv
                0x00002366        0x2 RadioHead\RHGenericSPI.cpp.o
                0x00002366                RHGenericSPI::detachInterrupt()
 .text._ZN12RHGenericSPI16beginTransactionEv
                0x00002368        0x2 RadioHead\RHGenericSPI.cpp.o
                0x00002368                RHGenericSPI::beginTransaction()
 .text._ZN12RHGenericSPI14endTransactionEv
                0x0000236a        0x2 RadioHead\RHGenericSPI.cpp.o
                0x0000236a                RHGenericSPI::endTransaction()
 .text._ZN12RHGenericSPI11setBitOrderENS_8BitOrderE
                0x0000236c        0x4 RadioHead\RHGenericSPI.cpp.o
                0x0000236c                RHGenericSPI::setBitOrder(RHGenericSPI::BitOrder)
 .text._ZN12RHGenericSPI11setDataModeENS_8DataModeE
                0x00002370        0x4 RadioHead\RHGenericSPI.cpp.o
                0x00002370                RHGenericSPI::setDataMode(RHGenericSPI::DataMode)
 .text._ZN12RHGenericSPI12setFrequencyENS_9FrequencyE
                0x00002374        0x4 RadioHead\RHGenericSPI.cpp.o
                0x00002374                RHGenericSPI::setFrequency(RHGenericSPI::Frequency)
 .text._ZN12RHGenericSPIC2ENS_9FrequencyENS_8BitOrderENS_8DataModeE
                0x00002378       0x14 RadioHead\RHGenericSPI.cpp.o
                0x00002378                RHGenericSPI::RHGenericSPI(RHGenericSPI::Frequency, RHGenericSPI::BitOrder, RHGenericSPI::DataMode)
                0x00002378                RHGenericSPI::RHGenericSPI(RHGenericSPI::Frequency, RHGenericSPI::BitOrder, RHGenericSPI::DataMode)
 .text._ZN13RHHardwareSPI8transferEh
                0x0000238c       0x10 RadioHead\RHHardwareSPI.cpp.o
                0x0000238c                RHHardwareSPI::transfer(unsigned char)
 .text._ZN13RHHardwareSPI15attachInterruptEv
                0x0000239c       0x10 RadioHead\RHHardwareSPI.cpp.o
                0x0000239c                RHHardwareSPI::attachInterrupt()
 .text._ZN13RHHardwareSPI15detachInterruptEv
                0x000023ac       0x10 RadioHead\RHHardwareSPI.cpp.o
                0x000023ac                RHHardwareSPI::detachInterrupt()
 .text._ZN13RHHardwareSPI5beginEv
                0x000023bc       0xd8 RadioHead\RHHardwareSPI.cpp.o
                0x000023bc                RHHardwareSPI::begin()
 .text._ZN13RHHardwareSPI3endEv
                0x00002494       0x10 RadioHead\RHHardwareSPI.cpp.o
                0x00002494                RHHardwareSPI::end()
 .text._ZN13RHHardwareSPI16beginTransactionEv
                0x000024a4       0x14 RadioHead\RHHardwareSPI.cpp.o
                0x000024a4                RHHardwareSPI::beginTransaction()
 .text._ZN13RHHardwareSPI14endTransactionEv
                0x000024b8       0x10 RadioHead\RHHardwareSPI.cpp.o
                0x000024b8                RHHardwareSPI::endTransaction()
 .text._ZN13RHHardwareSPIC2EN12RHGenericSPI9FrequencyENS0_8BitOrderENS0_8DataModeE
                0x000024c8       0x24 RadioHead\RHHardwareSPI.cpp.o
                0x000024c8                RHHardwareSPI::RHHardwareSPI(RHGenericSPI::Frequency, RHGenericSPI::BitOrder, RHGenericSPI::DataMode)
                0x000024c8                RHHardwareSPI::RHHardwareSPI(RHGenericSPI::Frequency, RHGenericSPI::BitOrder, RHGenericSPI::DataMode)
 .text.startup._GLOBAL__sub_I_hardware_spi
                0x000024ec       0x14 RadioHead\RHHardwareSPI.cpp.o
 .text._ZL12__iCliRetValv
                0x00002500       0x12 RadioHead\RHSPIDriver.cpp.o
 .text._ZN11RHSPIDriver4initEv
                0x00002512       0x26 RadioHead\RHSPIDriver.cpp.o
                0x00002512                RHSPIDriver::init()
 .text._ZL10__iRestorePKm.isra.0
                0x00002538       0x1e RadioHead\RHSPIDriver.cpp.o
 *fill*         0x00002556        0x2 
 .text._ZN11RHSPIDriverC2EhR12RHGenericSPI
                0x00002558       0x20 RadioHead\RHSPIDriver.cpp.o
                0x00002558                RHSPIDriver::RHSPIDriver(unsigned char, RHGenericSPI&)
                0x00002558                RHSPIDriver::RHSPIDriver(unsigned char, RHGenericSPI&)
 .text._ZN11RHSPIDriver7spiReadEh
                0x00002578       0x54 RadioHead\RHSPIDriver.cpp.o
                0x00002578                RHSPIDriver::spiRead(unsigned char)
 .text._ZN11RHSPIDriver8spiWriteEhh
                0x000025cc       0x58 RadioHead\RHSPIDriver.cpp.o
                0x000025cc                RHSPIDriver::spiWrite(unsigned char, unsigned char)
 .text._ZN11RHSPIDriver13spiBurstWriteEhPKhh
                0x00002624       0x70 RadioHead\RHSPIDriver.cpp.o
                0x00002624                RHSPIDriver::spiBurstWrite(unsigned char, unsigned char const*, unsigned char)
 .text._ZN6RH_ASK6readRxEv
                0x00002694       0x14 RadioHead\RH_ASK.cpp.o
                0x00002694                RH_ASK::readRx()
 .text._ZN6RH_ASK7writeTxEb
                0x000026a8        0xa RadioHead\RH_ASK.cpp.o
                0x000026a8                RH_ASK::writeTx(bool)
 .text._ZN6RH_ASK8writePttEb
                0x000026b2        0xe RadioHead\RH_ASK.cpp.o
                0x000026b2                RH_ASK::writePtt(bool)
 .text._ZN6RH_ASK11setModeIdleEv
                0x000026c0       0x1e RadioHead\RH_ASK.cpp.o
                0x000026c0                RH_ASK::setModeIdle()
 *fill*         0x000026de        0x2 
 .text._ZN6RH_ASK11symbol_6to4Eh
                0x000026e0       0x28 RadioHead\RH_ASK.cpp.o
                0x000026e0                RH_ASK::symbol_6to4(unsigned char)
 .text._ZN6RH_ASK12receiveTimerEv
                0x00002708      0x110 RadioHead\RH_ASK.cpp.o
                0x00002708                RH_ASK::receiveTimer()
 .text._ZN6RH_ASK13transmitTimerEv
                0x00002818       0x6a RadioHead\RH_ASK.cpp.o
                0x00002818                RH_ASK::transmitTimer()
 .text._ZN6RH_ASK20handleTimerInterruptEv
                0x00002882       0x1a RadioHead\RH_ASK.cpp.o
                0x00002882                RH_ASK::handleTimerInterrupt()
 .text.TC3_Handler
                0x0000289c       0x20 RadioHead\RH_ASK.cpp.o
                0x0000289c                TC3_Handler
 .text._ZL12__iCliRetValv
                0x000028bc       0x12 RadioHead\RH_RF69.cpp.o
 .text._ZN7RH_RF6916maxMessageLengthEv
                0x000028ce        0x4 RadioHead\RH_RF69.cpp.o
                0x000028ce                RH_RF69::maxMessageLength()
 .text._ZL10__iRestorePKm.isra.0
                0x000028d2       0x1e RadioHead\RH_RF69.cpp.o
 .text._ZN7RH_RF695sleepEv
                0x000028f0       0x1a RadioHead\RH_RF69.cpp.o
                0x000028f0                RH_RF69::sleep()
 .text._ZN7RH_RF694recvEPhS0_
                0x0000290a       0x52 RadioHead\RH_RF69.cpp.o
                0x0000290a                RH_RF69::recv(unsigned char*, unsigned char*)
 .text._ZN7RH_RF6916setEncryptionKeyEPh.part.8
                0x0000295c       0x18 RadioHead\RH_RF69.cpp.o
 .text._ZN7RH_RF69C2EhhR12RHGenericSPI
                0x00002974       0x24 RadioHead\RH_RF69.cpp.o
                0x00002974                RH_RF69::RH_RF69(unsigned char, unsigned char, RHGenericSPI&)
                0x00002974                RH_RF69::RH_RF69(unsigned char, unsigned char, RHGenericSPI&)
 .text._ZN7RH_RF698readFifoEv
                0x00002998       0xd8 RadioHead\RH_RF69.cpp.o
                0x00002998                RH_RF69::readFifo()
 .text._ZN7RH_RF6912setFrequencyEff
                0x00002a70       0x50 RadioHead\RH_RF69.cpp.o
                0x00002a70                RH_RF69::setFrequency(float, float)
 .text._ZN7RH_RF699setOpModeEh
                0x00002ac0       0x2c RadioHead\RH_RF69.cpp.o
                0x00002ac0                RH_RF69::setOpMode(unsigned char)
 .text._ZN7RH_RF6911setModeIdleEv
                0x00002aec       0x34 RadioHead\RH_RF69.cpp.o
                0x00002aec                RH_RF69::setModeIdle()
 .text._ZN7RH_RF6915handleInterruptEv
                0x00002b20       0x54 RadioHead\RH_RF69.cpp.o
                0x00002b20                RH_RF69::handleInterrupt()
 .text._ZN7RH_RF694isr0Ev
                0x00002b74       0x14 RadioHead\RH_RF69.cpp.o
                0x00002b74                RH_RF69::isr0()
 .text._ZN7RH_RF694isr1Ev
                0x00002b88       0x14 RadioHead\RH_RF69.cpp.o
                0x00002b88                RH_RF69::isr1()
 .text._ZN7RH_RF694isr2Ev
                0x00002b9c       0x14 RadioHead\RH_RF69.cpp.o
                0x00002b9c                RH_RF69::isr2()
 .text._ZN7RH_RF699setModeRxEv
                0x00002bb0       0x3e RadioHead\RH_RF69.cpp.o
                0x00002bb0                RH_RF69::setModeRx()
 .text._ZN7RH_RF699availableEv
                0x00002bee       0x1a RadioHead\RH_RF69.cpp.o
                0x00002bee                RH_RF69::available()
 .text._ZN7RH_RF699setModeTxEv
                0x00002c08       0x3e RadioHead\RH_RF69.cpp.o
                0x00002c08                RH_RF69::setModeTx()
 .text._ZN7RH_RF694sendEPKhh
                0x00002c46       0xac RadioHead\RH_RF69.cpp.o
                0x00002c46                RH_RF69::send(unsigned char const*, unsigned char)
 .text._ZN7RH_RF6910setTxPowerEa
                0x00002cf2       0x48 RadioHead\RH_RF69.cpp.o
                0x00002cf2                RH_RF69::setTxPower(signed char)
 .text._ZN7RH_RF6917setModemRegistersEPKNS_11ModemConfigE
                0x00002d3a       0x28 RadioHead\RH_RF69.cpp.o
                0x00002d3a                RH_RF69::setModemRegisters(RH_RF69::ModemConfig const*)
 *fill*         0x00002d62        0x2 
 .text._ZN7RH_RF6914setModemConfigENS_17ModemConfigChoiceE
                0x00002d64       0x28 RadioHead\RH_RF69.cpp.o
                0x00002d64                RH_RF69::setModemConfig(RH_RF69::ModemConfigChoice)
 .text._ZN7RH_RF6917setPreambleLengthEt
                0x00002d8c       0x1a RadioHead\RH_RF69.cpp.o
                0x00002d8c                RH_RF69::setPreambleLength(unsigned short)
 .text._ZN7RH_RF6912setSyncWordsEPKhh
                0x00002da6       0x50 RadioHead\RH_RF69.cpp.o
                0x00002da6                RH_RF69::setSyncWords(unsigned char const*, unsigned char)
 .text._ZN7RH_RF6916setEncryptionKeyEPh
                0x00002df6       0x30 RadioHead\RH_RF69.cpp.o
                0x00002df6                RH_RF69::setEncryptionKey(unsigned char*)
 *fill*         0x00002e26        0x2 
 .text._ZN7RH_RF694initEv
                0x00002e28       0xfc RadioHead\RH_RF69.cpp.o
                0x00002e28                RH_RF69::init()
 .text._ZN8SPIClassC2EP6SERCOMhhh14SercomSpiTXPad11SercomRXPad
                0x00002f24       0x74 SPI\SPI.cpp.o
                0x00002f24                SPIClass::SPIClass(SERCOM*, unsigned char, unsigned char, unsigned char, SercomSpiTXPad, SercomRXPad)
                0x00002f24                SPIClass::SPIClass(SERCOM*, unsigned char, unsigned char, unsigned char, SercomSpiTXPad, SercomRXPad)
 .text._ZN8SPIClass4initEv
                0x00002f98       0x12 SPI\SPI.cpp.o
                0x00002f98                SPIClass::init()
 .text._ZN8SPIClass6configE11SPISettings
                0x00002faa       0x36 SPI\SPI.cpp.o
                0x00002faa                SPIClass::config(SPISettings)
 .text._ZN8SPIClass5beginEv
                0x00002fe0       0x50 SPI\SPI.cpp.o
                0x00002fe0                SPIClass::begin()
 .text._ZN8SPIClass3endEv
                0x00003030       0x10 SPI\SPI.cpp.o
                0x00003030                SPIClass::end()
 .text._ZN8SPIClass16beginTransactionE11SPISettings
                0x00003040       0x38 SPI\SPI.cpp.o
                0x00003040                SPIClass::beginTransaction(SPISettings)
 .text._ZN8SPIClass14endTransactionEv
                0x00003078       0x28 SPI\SPI.cpp.o
                0x00003078                SPIClass::endTransaction()
 .text._ZN8SPIClass11setBitOrderE8BitOrder
                0x000030a0       0x14 SPI\SPI.cpp.o
                0x000030a0                SPIClass::setBitOrder(BitOrder)
 .text._ZN8SPIClass11setDataModeEh
                0x000030b4       0x28 SPI\SPI.cpp.o
                0x000030b4                SPIClass::setDataMode(unsigned char)
 .text._ZN8SPIClass15setClockDividerEh
                0x000030dc       0x10 SPI\SPI.cpp.o
                0x000030dc                SPIClass::setClockDivider(unsigned char)
 .text._ZN8SPIClass8transferEh
                0x000030ec        0xa SPI\SPI.cpp.o
                0x000030ec                SPIClass::transfer(unsigned char)
 .text._ZN8SPIClass15attachInterruptEv
                0x000030f6        0x2 SPI\SPI.cpp.o
                0x000030f6                SPIClass::attachInterrupt()
 .text._ZN8SPIClass15detachInterruptEv
                0x000030f8        0x2 SPI\SPI.cpp.o
                0x000030f8                SPIClass::detachInterrupt()
 *fill*         0x000030fa        0x2 
 .text.startup._GLOBAL__sub_I__ZN8SPIClassC2EP6SERCOMhhh14SercomSpiTXPad11SercomRXPad
                0x000030fc       0x38 SPI\SPI.cpp.o
 .text._ZL22cpu_irq_enter_criticalv
                0x00003134       0x30 Adafruit_ZeroDMA\Adafruit_ZeroDMA.cpp.o
 .text._ZL22cpu_irq_leave_criticalv
                0x00003164       0x2c Adafruit_ZeroDMA\Adafruit_ZeroDMA.cpp.o
 .text._ZN16Adafruit_ZeroDMAC2Ev
                0x00003190       0x22 Adafruit_ZeroDMA\Adafruit_ZeroDMA.cpp.o
                0x00003190                Adafruit_ZeroDMA::Adafruit_ZeroDMA()
                0x00003190                Adafruit_ZeroDMA::Adafruit_ZeroDMA()
 *fill*         0x000031b2        0x2 
 .text._ZN16Adafruit_ZeroDMA11_IRQhandlerEh
                0x000031b4       0x44 Adafruit_ZeroDMA\Adafruit_ZeroDMA.cpp.o
                0x000031b4                Adafruit_ZeroDMA::_IRQhandler(unsigned char)
 .text.DMAC_Handler
                0x000031f8       0x48 Adafruit_ZeroDMA\Adafruit_ZeroDMA.cpp.o
                0x000031f8                DMAC_Handler
 .text.SERCOM0_Handler
                0x00003240       0x10 C:\Users\junkm\AppData\Local\Temp\VMBCore\arduino16x\f0b185a0523ead7a5b31faae64a1d08b\variant\variant.cpp.o
                0x00003240                SERCOM0_Handler
 .text.SERCOM5_Handler
                0x00003250       0x10 C:\Users\junkm\AppData\Local\Temp\VMBCore\arduino16x\f0b185a0523ead7a5b31faae64a1d08b\variant\variant.cpp.o
                0x00003250                SERCOM5_Handler
 .text.startup._GLOBAL__sub_I_g_APinDescription
                0x00003260       0x94 C:\Users\junkm\AppData\Local\Temp\VMBCore\arduino16x\f0b185a0523ead7a5b31faae64a1d08b\variant\variant.cpp.o
 .text.Dummy_Handler
                0x000032f4        0x2 C:\Users\junkm\AppData\Local\Temp\VMBuilds\BeaconGPS\adafruit_adafruit_feather_m0\Release/core.a(cortex_handlers.c.o)
                0x000032f4                HardFault_Handler
                0x000032f4                AC_Handler
                0x000032f4                PendSV_Handler
                0x000032f4                TC7_Handler
                0x000032f4                SERCOM1_Handler
                0x000032f4                ADC_Handler
                0x000032f4                TCC1_Handler
                0x000032f4                SERCOM2_Handler
                0x000032f4                TCC0_Handler
                0x000032f4                RTC_Handler
                0x000032f4                TC6_Handler
                0x000032f4                WDT_Handler
                0x000032f4                TC4_Handler
                0x000032f4                Dummy_Handler
                0x000032f4                PM_Handler
                0x000032f4                SVC_Handler
                0x000032f4                TCC2_Handler
                0x000032f4                EVSYS_Handler
                0x000032f4                SERCOM3_Handler
                0x000032f4                SERCOM4_Handler
                0x000032f4                I2S_Handler
                0x000032f4                NVMCTRL_Handler
                0x000032f4                DAC_Handler
                0x000032f4                PTC_Handler
                0x000032f4                SYSCTRL_Handler
 *fill*         0x000032f6        0x2 
 .text.USB_Handler
                0x000032f8       0x14 C:\Users\junkm\AppData\Local\Temp\VMBuilds\BeaconGPS\adafruit_adafruit_feather_m0\Release/core.a(cortex_handlers.c.o)
                0x000032f8                USB_Handler
 .text.Reset_Handler
                0x0000330c       0x54 C:\Users\junkm\AppData\Local\Temp\VMBuilds\BeaconGPS\adafruit_adafruit_feather_m0\Release/core.a(cortex_handlers.c.o)
                0x0000330c                Reset_Handler
 .text.SysTick_Handler
                0x00003360       0x10 C:\Users\junkm\AppData\Local\Temp\VMBuilds\BeaconGPS\adafruit_adafruit_feather_m0\Release/core.a(cortex_handlers.c.o)
                0x00003360                SysTick_Handler
 .text.USB_SetHandler
                0x00003370        0xc C:\Users\junkm\AppData\Local\Temp\VMBuilds\BeaconGPS\adafruit_adafruit_feather_m0\Release/core.a(cortex_handlers.c.o)
                0x00003370                USB_SetHandler
 .text.millis   0x0000337c        0xc C:\Users\junkm\AppData\Local\Temp\VMBuilds\BeaconGPS\adafruit_adafruit_feather_m0\Release/core.a(delay.c.o)
                0x0000337c                millis
 .text.micros   0x00003388       0x60 C:\Users\junkm\AppData\Local\Temp\VMBuilds\BeaconGPS\adafruit_adafruit_feather_m0\Release/core.a(delay.c.o)
                0x00003388                micros
 .text.delay    0x000033e8       0x30 C:\Users\junkm\AppData\Local\Temp\VMBuilds\BeaconGPS\adafruit_adafruit_feather_m0\Release/core.a(delay.c.o)
                0x000033e8                delay
 .text.SysTick_DefaultHandler
                0x00003418       0x14 C:\Users\junkm\AppData\Local\Temp\VMBuilds\BeaconGPS\adafruit_adafruit_feather_m0\Release/core.a(delay.c.o)
                0x00003418                SysTick_DefaultHandler
 .text.__empty  0x0000342c        0x2 C:\Users\junkm\AppData\Local\Temp\VMBuilds\BeaconGPS\adafruit_adafruit_feather_m0\Release/core.a(hooks.c.o)
                0x0000342c                yield
 .text.__false  0x0000342e        0x4 C:\Users\junkm\AppData\Local\Temp\VMBuilds\BeaconGPS\adafruit_adafruit_feather_m0\Release/core.a(hooks.c.o)
                0x0000342e                sysTickHook
 *fill*         0x00003432        0x2 
 .text.SystemInit
                0x00003434      0x160 C:\Users\junkm\AppData\Local\Temp\VMBuilds\BeaconGPS\adafruit_adafruit_feather_m0\Release/core.a(startup.c.o)
                0x00003434                SystemInit
 .text.attachInterrupt
                0x00003594      0x170 C:\Users\junkm\AppData\Local\Temp\VMBuilds\BeaconGPS\adafruit_adafruit_feather_m0\Release/core.a(WInterrupts.c.o)
                0x00003594                attachInterrupt
 .text.EIC_Handler
                0x00003704       0x3c C:\Users\junkm\AppData\Local\Temp\VMBuilds\BeaconGPS\adafruit_adafruit_feather_m0\Release/core.a(WInterrupts.c.o)
                0x00003704                EIC_Handler
 .text.NMI_Handler
                0x00003740       0x20 C:\Users\junkm\AppData\Local\Temp\VMBuilds\BeaconGPS\adafruit_adafruit_feather_m0\Release/core.a(WInterrupts.c.o)
                0x00003740                NMI_Handler
 .text.init     0x00003760       0xe0 C:\Users\junkm\AppData\Local\Temp\VMBuilds\BeaconGPS\adafruit_adafruit_feather_m0\Release/core.a(wiring.c.o)
                0x00003760                init
 .text.analogReference
                0x00003840       0x88 C:\Users\junkm\AppData\Local\Temp\VMBuilds\BeaconGPS\adafruit_adafruit_feather_m0\Release/core.a(wiring_analog.c.o)
                0x00003840                analogReference
 .text.pinMode  0x000038c8       0x60 C:\Users\junkm\AppData\Local\Temp\VMBuilds\BeaconGPS\adafruit_adafruit_feather_m0\Release/core.a(wiring_digital.c.o)
                0x000038c8                pinMode
 .text.digitalWrite
                0x00003928       0x58 C:\Users\junkm\AppData\Local\Temp\VMBuilds\BeaconGPS\adafruit_adafruit_feather_m0\Release/core.a(wiring_digital.c.o)
                0x00003928                digitalWrite
 .text.digitalRead
                0x00003980       0x30 C:\Users\junkm\AppData\Local\Temp\VMBuilds\BeaconGPS\adafruit_adafruit_feather_m0\Release/core.a(wiring_digital.c.o)
                0x00003980                digitalRead
 .text.pinPeripheral
                0x000039b0       0xc4 C:\Users\junkm\AppData\Local\Temp\VMBuilds\BeaconGPS\adafruit_adafruit_feather_m0\Release/core.a(wiring_private.c.o)
                0x000039b0                pinPeripheral
 .text.__cxa_pure_virtual
                0x00003a74        0x2 C:\Users\junkm\AppData\Local\Temp\VMBuilds\BeaconGPS\adafruit_adafruit_feather_m0\Release/core.a(abi.cpp.o)
                0x00003a74                __cxa_pure_virtual
 .text._Z11initVariantv
                0x00003a76        0x2 C:\Users\junkm\AppData\Local\Temp\VMBuilds\BeaconGPS\adafruit_adafruit_feather_m0\Release/core.a(main.cpp.o)
                0x00003a76                initVariant()
 .text.startup.main
                0x00003a78       0x44 C:\Users\junkm\AppData\Local\Temp\VMBuilds\BeaconGPS\adafruit_adafruit_feather_m0\Release/core.a(main.cpp.o)
                0x00003a78                main
 .text._ZN5Print5writeEPKhj
                0x00003abc       0x28 C:\Users\junkm\AppData\Local\Temp\VMBuilds\BeaconGPS\adafruit_adafruit_feather_m0\Release/core.a(Print.cpp.o)
                0x00003abc                Print::write(unsigned char const*, unsigned int)
 .text._ZN5Print5writeEPKc.part.2
                0x00003ae4       0x1a C:\Users\junkm\AppData\Local\Temp\VMBuilds\BeaconGPS\adafruit_adafruit_feather_m0\Release/core.a(Print.cpp.o)
 .text._ZN5Print5printERK6String
                0x00003afe        0xe C:\Users\junkm\AppData\Local\Temp\VMBuilds\BeaconGPS\adafruit_adafruit_feather_m0\Release/core.a(Print.cpp.o)
                0x00003afe                Print::print(String const&)
 .text._ZN5Print5printEc
                0x00003b0c        0xa C:\Users\junkm\AppData\Local\Temp\VMBuilds\BeaconGPS\adafruit_adafruit_feather_m0\Release/core.a(Print.cpp.o)
                0x00003b0c                Print::print(char)
 *fill*         0x00003b16        0x2 
 .text._ZN5Print7printlnEv
                0x00003b18       0x10 C:\Users\junkm\AppData\Local\Temp\VMBuilds\BeaconGPS\adafruit_adafruit_feather_m0\Release/core.a(Print.cpp.o)
                0x00003b18                Print::println()
 .text._ZN5Print7printlnERK6String
                0x00003b28       0x14 C:\Users\junkm\AppData\Local\Temp\VMBuilds\BeaconGPS\adafruit_adafruit_feather_m0\Release/core.a(Print.cpp.o)
                0x00003b28                Print::println(String const&)
 .text.initiateReset
                0x00003b3c        0xc C:\Users\junkm\AppData\Local\Temp\VMBuilds\BeaconGPS\adafruit_adafruit_feather_m0\Release/core.a(Reset.cpp.o)
                0x00003b3c                initiateReset
 .text.cancelReset
                0x00003b48       0x10 C:\Users\junkm\AppData\Local\Temp\VMBuilds\BeaconGPS\adafruit_adafruit_feather_m0\Release/core.a(Reset.cpp.o)
                0x00003b48                cancelReset
 .text.tickReset
                0x00003b58       0x78 C:\Users\junkm\AppData\Local\Temp\VMBuilds\BeaconGPS\adafruit_adafruit_feather_m0\Release/core.a(Reset.cpp.o)
                0x00003b58                tickReset
 .text._ZN6SERCOMC2EP6Sercom
                0x00003bd0        0x4 C:\Users\junkm\AppData\Local\Temp\VMBuilds\BeaconGPS\adafruit_adafruit_feather_m0\Release/core.a(SERCOM.cpp.o)
                0x00003bd0                SERCOM::SERCOM(Sercom*)
                0x00003bd0                SERCOM::SERCOM(Sercom*)
 .text._ZN6SERCOM9initFrameE18SercomUartCharSize15SercomDataOrder16SercomParityMode19SercomNumberStopBit
                0x00003bd4       0x3a C:\Users\junkm\AppData\Local\Temp\VMBuilds\BeaconGPS\adafruit_adafruit_feather_m0\Release/core.a(SERCOM.cpp.o)
                0x00003bd4                SERCOM::initFrame(SercomUartCharSize, SercomDataOrder, SercomParityMode, SercomNumberStopBit)
 .text._ZN6SERCOM8initPadsE15SercomUartTXPad11SercomRXPad
                0x00003c0e       0x26 C:\Users\junkm\AppData\Local\Temp\VMBuilds\BeaconGPS\adafruit_adafruit_feather_m0\Release/core.a(SERCOM.cpp.o)
                0x00003c0e                SERCOM::initPads(SercomUartTXPad, SercomRXPad)
 .text._ZN6SERCOM9resetUARTEv
                0x00003c34       0x1a C:\Users\junkm\AppData\Local\Temp\VMBuilds\BeaconGPS\adafruit_adafruit_feather_m0\Release/core.a(SERCOM.cpp.o)
                0x00003c34                SERCOM::resetUART()
 .text._ZN6SERCOM10enableUARTEv
                0x00003c4e       0x14 C:\Users\junkm\AppData\Local\Temp\VMBuilds\BeaconGPS\adafruit_adafruit_feather_m0\Release/core.a(SERCOM.cpp.o)
                0x00003c4e                SERCOM::enableUART()
 .text._ZN6SERCOM9flushUARTEv
                0x00003c62       0x10 C:\Users\junkm\AppData\Local\Temp\VMBuilds\BeaconGPS\adafruit_adafruit_feather_m0\Release/core.a(SERCOM.cpp.o)
                0x00003c62                SERCOM::flushUART()
 .text._ZN6SERCOM15clearStatusUARTEv
                0x00003c72        0x8 C:\Users\junkm\AppData\Local\Temp\VMBuilds\BeaconGPS\adafruit_adafruit_feather_m0\Release/core.a(SERCOM.cpp.o)
                0x00003c72                SERCOM::clearStatusUART()
 .text._ZN6SERCOM17availableDataUARTEv
                0x00003c7a        0xa C:\Users\junkm\AppData\Local\Temp\VMBuilds\BeaconGPS\adafruit_adafruit_feather_m0\Release/core.a(SERCOM.cpp.o)
                0x00003c7a                SERCOM::availableDataUART()
 .text._ZN6SERCOM11isUARTErrorEv
                0x00003c84        0x8 C:\Users\junkm\AppData\Local\Temp\VMBuilds\BeaconGPS\adafruit_adafruit_feather_m0\Release/core.a(SERCOM.cpp.o)
                0x00003c84                SERCOM::isUARTError()
 .text._ZN6SERCOM20acknowledgeUARTErrorEv
                0x00003c8c        0xe C:\Users\junkm\AppData\Local\Temp\VMBuilds\BeaconGPS\adafruit_adafruit_feather_m0\Release/core.a(SERCOM.cpp.o)
                0x00003c8c                SERCOM::acknowledgeUARTError()
 .text._ZN6SERCOM16isFrameErrorUARTEv
                0x00003c9a        0xa C:\Users\junkm\AppData\Local\Temp\VMBuilds\BeaconGPS\adafruit_adafruit_feather_m0\Release/core.a(SERCOM.cpp.o)
                0x00003c9a                SERCOM::isFrameErrorUART()
 .text._ZN6SERCOM19clearFrameErrorUARTEv
                0x00003ca4        0xc C:\Users\junkm\AppData\Local\Temp\VMBuilds\BeaconGPS\adafruit_adafruit_feather_m0\Release/core.a(SERCOM.cpp.o)
                0x00003ca4                SERCOM::clearFrameErrorUART()
 .text._ZN6SERCOM23isDataRegisterEmptyUARTEv
                0x00003cb0        0xa C:\Users\junkm\AppData\Local\Temp\VMBuilds\BeaconGPS\adafruit_adafruit_feather_m0\Release/core.a(SERCOM.cpp.o)
                0x00003cb0                SERCOM::isDataRegisterEmptyUART()
 .text._ZN6SERCOM12readDataUARTEv
                0x00003cba        0x8 C:\Users\junkm\AppData\Local\Temp\VMBuilds\BeaconGPS\adafruit_adafruit_feather_m0\Release/core.a(SERCOM.cpp.o)
                0x00003cba                SERCOM::readDataUART()
 .text._ZN6SERCOM13writeDataUARTEh
                0x00003cc2       0x10 C:\Users\junkm\AppData\Local\Temp\VMBuilds\BeaconGPS\adafruit_adafruit_feather_m0\Release/core.a(SERCOM.cpp.o)
                0x00003cc2                SERCOM::writeDataUART(unsigned char)
 .text._ZN6SERCOM36enableDataRegisterEmptyInterruptUARTEv
                0x00003cd2        0x8 C:\Users\junkm\AppData\Local\Temp\VMBuilds\BeaconGPS\adafruit_adafruit_feather_m0\Release/core.a(SERCOM.cpp.o)
                0x00003cd2                SERCOM::enableDataRegisterEmptyInterruptUART()
 .text._ZN6SERCOM37disableDataRegisterEmptyInterruptUARTEv
                0x00003cda        0x8 C:\Users\junkm\AppData\Local\Temp\VMBuilds\BeaconGPS\adafruit_adafruit_feather_m0\Release/core.a(SERCOM.cpp.o)
                0x00003cda                SERCOM::disableDataRegisterEmptyInterruptUART()
 .text._ZN6SERCOM8resetSPIEv
                0x00003ce2       0x1a C:\Users\junkm\AppData\Local\Temp\VMBuilds\BeaconGPS\adafruit_adafruit_feather_m0\Release/core.a(SERCOM.cpp.o)
                0x00003ce2                SERCOM::resetSPI()
 .text._ZN6SERCOM9enableSPIEv
                0x00003cfc       0x14 C:\Users\junkm\AppData\Local\Temp\VMBuilds\BeaconGPS\adafruit_adafruit_feather_m0\Release/core.a(SERCOM.cpp.o)
                0x00003cfc                SERCOM::enableSPI()
 .text._ZN6SERCOM10disableSPIEv
                0x00003d10       0x12 C:\Users\junkm\AppData\Local\Temp\VMBuilds\BeaconGPS\adafruit_adafruit_feather_m0\Release/core.a(SERCOM.cpp.o)
                0x00003d10                SERCOM::disableSPI()
 *fill*         0x00003d22        0x2 
 .text._ZN6SERCOM15setDataOrderSPIE15SercomDataOrder
                0x00003d24       0x28 C:\Users\junkm\AppData\Local\Temp\VMBuilds\BeaconGPS\adafruit_adafruit_feather_m0\Release/core.a(SERCOM.cpp.o)
                0x00003d24                SERCOM::setDataOrderSPI(SercomDataOrder)
 .text._ZN6SERCOM15setClockModeSPIE18SercomSpiClockMode
                0x00003d4c       0x40 C:\Users\junkm\AppData\Local\Temp\VMBuilds\BeaconGPS\adafruit_adafruit_feather_m0\Release/core.a(SERCOM.cpp.o)
                0x00003d4c                SERCOM::setClockModeSPI(SercomSpiClockMode)
 .text._ZN6SERCOM15transferDataSPIEh
                0x00003d8c       0x1a C:\Users\junkm\AppData\Local\Temp\VMBuilds\BeaconGPS\adafruit_adafruit_feather_m0\Release/core.a(SERCOM.cpp.o)
                0x00003d8c                SERCOM::transferDataSPI(unsigned char)
 *fill*         0x00003da6        0x2 
 .text._ZN6SERCOM28calculateBaudrateSynchronousEm
                0x00003da8       0x1c C:\Users\junkm\AppData\Local\Temp\VMBuilds\BeaconGPS\adafruit_adafruit_feather_m0\Release/core.a(SERCOM.cpp.o)
                0x00003da8                SERCOM::calculateBaudrateSynchronous(unsigned long)
 .text._ZN6SERCOM12initSPIClockE18SercomSpiClockModem
                0x00003dc4       0x26 C:\Users\junkm\AppData\Local\Temp\VMBuilds\BeaconGPS\adafruit_adafruit_feather_m0\Release/core.a(SERCOM.cpp.o)
                0x00003dc4                SERCOM::initSPIClock(SercomSpiClockMode, unsigned long)
 *fill*         0x00003dea        0x2 
 .text._ZN6SERCOM14setBaudrateSPIEh
                0x00003dec       0x2c C:\Users\junkm\AppData\Local\Temp\VMBuilds\BeaconGPS\adafruit_adafruit_feather_m0\Release/core.a(SERCOM.cpp.o)
                0x00003dec                SERCOM::setBaudrateSPI(unsigned char)
 .text._ZN6SERCOM14getSercomIndexEv
                0x00003e18       0x5c C:\Users\junkm\AppData\Local\Temp\VMBuilds\BeaconGPS\adafruit_adafruit_feather_m0\Release/core.a(SERCOM.cpp.o)
                0x00003e18                SERCOM::getSercomIndex()
 .text._ZN6SERCOM13initClockNVICEv
                0x00003e74       0x90 C:\Users\junkm\AppData\Local\Temp\VMBuilds\BeaconGPS\adafruit_adafruit_feather_m0\Release/core.a(SERCOM.cpp.o)
                0x00003e74                SERCOM::initClockNVIC()
 .text._ZN6SERCOM8initUARTE14SercomUartMode20SercomUartSampleRatem
                0x00003f04       0x6c C:\Users\junkm\AppData\Local\Temp\VMBuilds\BeaconGPS\adafruit_adafruit_feather_m0\Release/core.a(SERCOM.cpp.o)
                0x00003f04                SERCOM::initUART(SercomUartMode, SercomUartSampleRate, unsigned long)
 .text._ZN6SERCOM7initSPIE14SercomSpiTXPad11SercomRXPad17SercomSpiCharSize15SercomDataOrder
                0x00003f70       0x52 C:\Users\junkm\AppData\Local\Temp\VMBuilds\BeaconGPS\adafruit_adafruit_feather_m0\Release/core.a(SERCOM.cpp.o)
                0x00003f70                SERCOM::initSPI(SercomSpiTXPad, SercomRXPad, SercomSpiCharSize, SercomDataOrder)
 .text._ZN4UartcvbEv
                0x00003fc2        0x4 C:\Users\junkm\AppData\Local\Temp\VMBuilds\BeaconGPS\adafruit_adafruit_feather_m0\Release/core.a(Uart.cpp.o)
                0x00003fc2                Uart::operator bool()
 *fill*         0x00003fc6        0x2 
 .text._ZN4Uart5beginEm
                0x00003fc8       0x10 C:\Users\junkm\AppData\Local\Temp\VMBuilds\BeaconGPS\adafruit_adafruit_feather_m0\Release/core.a(Uart.cpp.o)
                0x00003fc8                Uart::begin(unsigned long)
 .text._ZN4Uart4peekEv
                0x00003fd8       0x1a C:\Users\junkm\AppData\Local\Temp\VMBuilds\BeaconGPS\adafruit_adafruit_feather_m0\Release/core.a(Uart.cpp.o)
                0x00003fd8                Uart::peek()
 .text._ZN4Uart3endEv
                0x00003ff2       0x20 C:\Users\junkm\AppData\Local\Temp\VMBuilds\BeaconGPS\adafruit_adafruit_feather_m0\Release/core.a(Uart.cpp.o)
                0x00003ff2                Uart::end()
 .text._ZN4Uart16extractNbStopBitEt
                0x00004012        0xc C:\Users\junkm\AppData\Local\Temp\VMBuilds\BeaconGPS\adafruit_adafruit_feather_m0\Release/core.a(Uart.cpp.o)
                0x00004012                Uart::extractNbStopBit(unsigned short)
 .text._ZN4Uart15extractCharSizeEt
                0x0000401e       0x28 C:\Users\junkm\AppData\Local\Temp\VMBuilds\BeaconGPS\adafruit_adafruit_feather_m0\Release/core.a(Uart.cpp.o)
                0x0000401e                Uart::extractCharSize(unsigned short)
 .text._ZN4Uart13extractParityEt
                0x00004046       0x14 C:\Users\junkm\AppData\Local\Temp\VMBuilds\BeaconGPS\adafruit_adafruit_feather_m0\Release/core.a(Uart.cpp.o)
                0x00004046                Uart::extractParity(unsigned short)
 *fill*         0x0000405a        0x2 
 .text._ZN4Uart5beginEmt
                0x0000405c       0xf8 C:\Users\junkm\AppData\Local\Temp\VMBuilds\BeaconGPS\adafruit_adafruit_feather_m0\Release/core.a(Uart.cpp.o)
                0x0000405c                Uart::begin(unsigned long, unsigned short)
 .text._ZN11RingBufferNILi256EEC2Ev
                0x00004154       0x1c C:\Users\junkm\AppData\Local\Temp\VMBuilds\BeaconGPS\adafruit_adafruit_feather_m0\Release/core.a(Uart.cpp.o)
                0x00004154                RingBufferN<256>::RingBufferN()
                0x00004154                RingBufferN<256>::RingBufferN()
 .text._ZN4UartC2EP6SERCOMhh11SercomRXPad15SercomUartTXPad
                0x00004170       0x74 C:\Users\junkm\AppData\Local\Temp\VMBuilds\BeaconGPS\adafruit_adafruit_feather_m0\Release/core.a(Uart.cpp.o)
                0x00004170                Uart::Uart(SERCOM*, unsigned char, unsigned char, SercomRXPad, SercomUartTXPad)
                0x00004170                Uart::Uart(SERCOM*, unsigned char, unsigned char, SercomRXPad, SercomUartTXPad)
 .text._ZN11RingBufferNILi256EE9availableEv
                0x000041e4       0x12 C:\Users\junkm\AppData\Local\Temp\VMBuilds\BeaconGPS\adafruit_adafruit_feather_m0\Release/core.a(Uart.cpp.o)
                0x000041e4                RingBufferN<256>::available()
 .text._ZN4Uart5flushEv
                0x000041f6       0x1a C:\Users\junkm\AppData\Local\Temp\VMBuilds\BeaconGPS\adafruit_adafruit_feather_m0\Release/core.a(Uart.cpp.o)
                0x000041f6                Uart::flush()
 .text._ZN4Uart9availableEv
                0x00004210        0xa C:\Users\junkm\AppData\Local\Temp\VMBuilds\BeaconGPS\adafruit_adafruit_feather_m0\Release/core.a(Uart.cpp.o)
                0x00004210                Uart::available()
 .text._ZN11RingBufferNILi256EE17availableForStoreEv
                0x0000421a       0x20 C:\Users\junkm\AppData\Local\Temp\VMBuilds\BeaconGPS\adafruit_adafruit_feather_m0\Release/core.a(Uart.cpp.o)
                0x0000421a                RingBufferN<256>::availableForStore()
 .text._ZN4Uart17availableForWriteEv
                0x0000423a        0xc C:\Users\junkm\AppData\Local\Temp\VMBuilds\BeaconGPS\adafruit_adafruit_feather_m0\Release/core.a(Uart.cpp.o)
                0x0000423a                Uart::availableForWrite()
 .text._ZN4Uart10IrqHandlerEv
                0x00004246       0xcc C:\Users\junkm\AppData\Local\Temp\VMBuilds\BeaconGPS\adafruit_adafruit_feather_m0\Release/core.a(Uart.cpp.o)
                0x00004246                Uart::IrqHandler()
 *fill*         0x00004312        0x2 
 .text._ZN4Uart5writeEh
                0x00004314       0xb4 C:\Users\junkm\AppData\Local\Temp\VMBuilds\BeaconGPS\adafruit_adafruit_feather_m0\Release/core.a(Uart.cpp.o)
                0x00004314                Uart::write(unsigned char)
 .text._ZN4Uart4readEv
                0x000043c8       0x4c C:\Users\junkm\AppData\Local\Temp\VMBuilds\BeaconGPS\adafruit_adafruit_feather_m0\Release/core.a(Uart.cpp.o)
                0x000043c8                Uart::read()
 .text._ZN6StringD2Ev
                0x00004414        0xe C:\Users\junkm\AppData\Local\Temp\VMBuilds\BeaconGPS\adafruit_adafruit_feather_m0\Release/core.a(WString.cpp.o)
                0x00004414                String::~String()
                0x00004414                String::~String()
 .text._ZN6String10invalidateEv
                0x00004422       0x18 C:\Users\junkm\AppData\Local\Temp\VMBuilds\BeaconGPS\adafruit_adafruit_feather_m0\Release/core.a(WString.cpp.o)
                0x00004422                String::invalidate()
 .text._ZN6String12changeBufferEj
                0x0000443a       0x18 C:\Users\junkm\AppData\Local\Temp\VMBuilds\BeaconGPS\adafruit_adafruit_feather_m0\Release/core.a(WString.cpp.o)
                0x0000443a                String::changeBuffer(unsigned int)
 .text._ZN6String7reserveEj
                0x00004452       0x2a C:\Users\junkm\AppData\Local\Temp\VMBuilds\BeaconGPS\adafruit_adafruit_feather_m0\Release/core.a(WString.cpp.o)
                0x00004452                String::reserve(unsigned int)
 .text._ZN6String4copyEPKcj
                0x0000447c       0x28 C:\Users\junkm\AppData\Local\Temp\VMBuilds\BeaconGPS\adafruit_adafruit_feather_m0\Release/core.a(WString.cpp.o)
                0x0000447c                String::copy(char const*, unsigned int)
 .text._ZN6StringC2EPKc
                0x000044a4       0x26 C:\Users\junkm\AppData\Local\Temp\VMBuilds\BeaconGPS\adafruit_adafruit_feather_m0\Release/core.a(WString.cpp.o)
                0x000044a4                String::String(char const*)
                0x000044a4                String::String(char const*)
 .text._ZN7Serial_17availableForWriteEv
                0x000044ca        0x4 C:\Users\junkm\AppData\Local\Temp\VMBuilds\BeaconGPS\adafruit_adafruit_feather_m0\Release/core.a(CDC.cpp.o)
                0x000044ca                Serial_::availableForWrite()
 .text._ZN7Serial_5writeEh
                0x000044ce       0x14 C:\Users\junkm\AppData\Local\Temp\VMBuilds\BeaconGPS\adafruit_adafruit_feather_m0\Release/core.a(CDC.cpp.o)
                0x000044ce                Serial_::write(unsigned char)
 .text._ZN7Serial_9availableEv
                0x000044e2        0xc C:\Users\junkm\AppData\Local\Temp\VMBuilds\BeaconGPS\adafruit_adafruit_feather_m0\Release/core.a(CDC.cpp.o)
                0x000044e2                Serial_::available()
 .text._ZN7Serial_5flushEv
                0x000044ee        0xc C:\Users\junkm\AppData\Local\Temp\VMBuilds\BeaconGPS\adafruit_adafruit_feather_m0\Release/core.a(CDC.cpp.o)
                0x000044ee                Serial_::flush()
 *fill*         0x000044fa        0x2 
 .text._ZN7Serial_5writeEPKhj
                0x000044fc       0x2c C:\Users\junkm\AppData\Local\Temp\VMBuilds\BeaconGPS\adafruit_adafruit_feather_m0\Release/core.a(CDC.cpp.o)
                0x000044fc                Serial_::write(unsigned char const*, unsigned int)
 .text._ZN7Serial_4peekEv
                0x00004528       0x1c C:\Users\junkm\AppData\Local\Temp\VMBuilds\BeaconGPS\adafruit_adafruit_feather_m0\Release/core.a(CDC.cpp.o)
                0x00004528                Serial_::peek()
 .text._ZN7Serial_4readEv
                0x00004544       0x24 C:\Users\junkm\AppData\Local\Temp\VMBuilds\BeaconGPS\adafruit_adafruit_feather_m0\Release/core.a(CDC.cpp.o)
                0x00004544                Serial_::read()
 .text._Z16CDC_GetInterfacePh
                0x00004568       0x1c C:\Users\junkm\AppData\Local\Temp\VMBuilds\BeaconGPS\adafruit_adafruit_feather_m0\Release/core.a(CDC.cpp.o)
                0x00004568                CDC_GetInterface(unsigned char*)
 .text._Z9CDC_SetupR8USBSetup
                0x00004584       0x7c C:\Users\junkm\AppData\Local\Temp\VMBuilds\BeaconGPS\adafruit_adafruit_feather_m0\Release/core.a(CDC.cpp.o)
                0x00004584                CDC_Setup(USBSetup&)
 .text._ZN7Serial_5beginEm
                0x00004600        0x2 C:\Users\junkm\AppData\Local\Temp\VMBuilds\BeaconGPS\adafruit_adafruit_feather_m0\Release/core.a(CDC.cpp.o)
                0x00004600                Serial_::begin(unsigned long)
 *fill*         0x00004602        0x2 
 .text._ZN7Serial_cvbEv
                0x00004604       0x28 C:\Users\junkm\AppData\Local\Temp\VMBuilds\BeaconGPS\adafruit_adafruit_feather_m0\Release/core.a(CDC.cpp.o)
                0x00004604                Serial_::operator bool()
 .text.startup._GLOBAL__sub_I__Z17_CDC_GetInterfacev
                0x0000462c       0x28 C:\Users\junkm\AppData\Local\Temp\VMBuilds\BeaconGPS\adafruit_adafruit_feather_m0\Release/core.a(CDC.cpp.o)
 .text._ZN26DoubleBufferedEPOutHandler4initEv
                0x00004654        0x2 C:\Users\junkm\AppData\Local\Temp\VMBuilds\BeaconGPS\adafruit_adafruit_feather_m0\Release/core.a(USBCore.cpp.o)
                0x00004654                DoubleBufferedEPOutHandler::init()
 .text._ZL5utox8mPc
                0x00004656       0x24 C:\Users\junkm\AppData\Local\Temp\VMBuilds\BeaconGPS\adafruit_adafruit_feather_m0\Release/core.a(USBCore.cpp.o)
 .text._ZN26DoubleBufferedEPOutHandlerD2Ev
                0x0000467a       0x14 C:\Users\junkm\AppData\Local\Temp\VMBuilds\BeaconGPS\adafruit_adafruit_feather_m0\Release/core.a(USBCore.cpp.o)
                0x0000467a                DoubleBufferedEPOutHandler::~DoubleBufferedEPOutHandler()
                0x0000467a                DoubleBufferedEPOutHandler::~DoubleBufferedEPOutHandler()
 .text._ZN26DoubleBufferedEPOutHandlerD0Ev
                0x0000468e       0x12 C:\Users\junkm\AppData\Local\Temp\VMBuilds\BeaconGPS\adafruit_adafruit_feather_m0\Release/core.a(USBCore.cpp.o)
                0x0000468e                DoubleBufferedEPOutHandler::~DoubleBufferedEPOutHandler()
 .text._ZN14USBDeviceClass6initEPEmm.part.5
                0x000046a0       0xe8 C:\Users\junkm\AppData\Local\Temp\VMBuilds\BeaconGPS\adafruit_adafruit_feather_m0\Release/core.a(USBCore.cpp.o)
 .text._ZN7__GuardC2Ev
                0x00004788        0xe C:\Users\junkm\AppData\Local\Temp\VMBuilds\BeaconGPS\adafruit_adafruit_feather_m0\Release/core.a(USBCore.cpp.o)
                0x00004788                __Guard::__Guard()
                0x00004788                __Guard::__Guard()
 .text._ZN7__GuardD2Ev
                0x00004796        0xe C:\Users\junkm\AppData\Local\Temp\VMBuilds\BeaconGPS\adafruit_adafruit_feather_m0\Release/core.a(USBCore.cpp.o)
                0x00004796                __Guard::~__Guard()
                0x00004796                __Guard::~__Guard()
 .text._ZNK26DoubleBufferedEPOutHandler9availableEv
                0x000047a4       0x5e C:\Users\junkm\AppData\Local\Temp\VMBuilds\BeaconGPS\adafruit_adafruit_feather_m0\Release/core.a(USBCore.cpp.o)
                0x000047a4                DoubleBufferedEPOutHandler::available() const
 *fill*         0x00004802        0x2 
 .text._ZN26DoubleBufferedEPOutHandler7releaseEv
                0x00004804       0x64 C:\Users\junkm\AppData\Local\Temp\VMBuilds\BeaconGPS\adafruit_adafruit_feather_m0\Release/core.a(USBCore.cpp.o)
                0x00004804                DoubleBufferedEPOutHandler::release()
 .text._ZN26DoubleBufferedEPOutHandler4recvEPvm
                0x00004868      0x11e C:\Users\junkm\AppData\Local\Temp\VMBuilds\BeaconGPS\adafruit_adafruit_feather_m0\Release/core.a(USBCore.cpp.o)
                0x00004868                DoubleBufferedEPOutHandler::recv(void*, unsigned long)
 .text._ZN26DoubleBufferedEPOutHandler14handleEndpointEv
                0x00004986       0xc2 C:\Users\junkm\AppData\Local\Temp\VMBuilds\BeaconGPS\adafruit_adafruit_feather_m0\Release/core.a(USBCore.cpp.o)
                0x00004986                DoubleBufferedEPOutHandler::handleEndpoint()
 .text._ZN14USBDeviceClass14SendInterfacesEPm
                0x00004a48       0x2c C:\Users\junkm\AppData\Local\Temp\VMBuilds\BeaconGPS\adafruit_adafruit_feather_m0\Release/core.a(USBCore.cpp.o)
                0x00004a48                USBDeviceClass::SendInterfaces(unsigned long*)
 .text._ZN14USBDeviceClass14handleEndpointEh
                0x00004a74       0x44 C:\Users\junkm\AppData\Local\Temp\VMBuilds\BeaconGPS\adafruit_adafruit_feather_m0\Release/core.a(USBCore.cpp.o)
                0x00004a74                USBDeviceClass::handleEndpoint(unsigned char)
 .text._ZN14USBDeviceClass4initEv
                0x00004ab8       0xf4 C:\Users\junkm\AppData\Local\Temp\VMBuilds\BeaconGPS\adafruit_adafruit_feather_m0\Release/core.a(USBCore.cpp.o)
                0x00004ab8                USBDeviceClass::init()
 .text._ZN14USBDeviceClass6attachEv
                0x00004bac       0x34 C:\Users\junkm\AppData\Local\Temp\VMBuilds\BeaconGPS\adafruit_adafruit_feather_m0\Release/core.a(USBCore.cpp.o)
                0x00004bac                USBDeviceClass::attach()
 .text._ZN14USBDeviceClass10setAddressEm
                0x00004be0       0x48 C:\Users\junkm\AppData\Local\Temp\VMBuilds\BeaconGPS\adafruit_adafruit_feather_m0\Release/core.a(USBCore.cpp.o)
                0x00004be0                USBDeviceClass::setAddress(unsigned long)
 .text._ZN14USBDeviceClass25handleClassInterfaceSetupER8USBSetup
                0x00004c28       0x44 C:\Users\junkm\AppData\Local\Temp\VMBuilds\BeaconGPS\adafruit_adafruit_feather_m0\Release/core.a(USBCore.cpp.o)
                0x00004c28                USBDeviceClass::handleClassInterfaceSetup(USBSetup&)
 .text._ZN14USBDeviceClass6initEPEmm
                0x00004c6c       0xf8 C:\Users\junkm\AppData\Local\Temp\VMBuilds\BeaconGPS\adafruit_adafruit_feather_m0\Release/core.a(USBCore.cpp.o)
                0x00004c6c                USBDeviceClass::initEP(unsigned long, unsigned long)
 .text._ZN14USBDeviceClass13initEndpointsEv
                0x00004d64       0x24 C:\Users\junkm\AppData\Local\Temp\VMBuilds\BeaconGPS\adafruit_adafruit_feather_m0\Release/core.a(USBCore.cpp.o)
                0x00004d64                USBDeviceClass::initEndpoints()
 .text._ZN14USBDeviceClass9availableEm
                0x00004d88       0x2c C:\Users\junkm\AppData\Local\Temp\VMBuilds\BeaconGPS\adafruit_adafruit_feather_m0\Release/core.a(USBCore.cpp.o)
                0x00004d88                USBDeviceClass::available(unsigned long)
 .text._ZN14USBDeviceClass5flushEm
                0x00004db4       0x2c C:\Users\junkm\AppData\Local\Temp\VMBuilds\BeaconGPS\adafruit_adafruit_feather_m0\Release/core.a(USBCore.cpp.o)
                0x00004db4                USBDeviceClass::flush(unsigned long)
 .text._ZN14USBDeviceClass14armRecvCtrlOUTEm
                0x00004de0       0x5c C:\Users\junkm\AppData\Local\Temp\VMBuilds\BeaconGPS\adafruit_adafruit_feather_m0\Release/core.a(USBCore.cpp.o)
                0x00004de0                USBDeviceClass::armRecvCtrlOUT(unsigned long)
 .text._ZN14USBDeviceClass11recvControlEPvm
                0x00004e3c       0x3c C:\Users\junkm\AppData\Local\Temp\VMBuilds\BeaconGPS\adafruit_adafruit_feather_m0\Release/core.a(USBCore.cpp.o)
                0x00004e3c                USBDeviceClass::recvControl(void*, unsigned long)
 .text._ZN14USBDeviceClass7armRecvEm
                0x00004e78       0x38 C:\Users\junkm\AppData\Local\Temp\VMBuilds\BeaconGPS\adafruit_adafruit_feather_m0\Release/core.a(USBCore.cpp.o)
                0x00004e78                USBDeviceClass::armRecv(unsigned long)
 .text._ZN14USBDeviceClass4recvEmPvm
                0x00004eb0       0xd8 C:\Users\junkm\AppData\Local\Temp\VMBuilds\BeaconGPS\adafruit_adafruit_feather_m0\Release/core.a(USBCore.cpp.o)
                0x00004eb0                USBDeviceClass::recv(unsigned long, void*, unsigned long)
 .text._ZN14USBDeviceClass4recvEm
                0x00004f88       0x1c C:\Users\junkm\AppData\Local\Temp\VMBuilds\BeaconGPS\adafruit_adafruit_feather_m0\Release/core.a(USBCore.cpp.o)
                0x00004f88                USBDeviceClass::recv(unsigned long)
 .text._ZN14USBDeviceClass4sendEmPKvm
                0x00004fa4      0x110 C:\Users\junkm\AppData\Local\Temp\VMBuilds\BeaconGPS\adafruit_adafruit_feather_m0\Release/core.a(USBCore.cpp.o)
                0x00004fa4                USBDeviceClass::send(unsigned long, void const*, unsigned long)
 .text._ZN14USBDeviceClass7armSendEmPKvm
                0x000050b4       0x48 C:\Users\junkm\AppData\Local\Temp\VMBuilds\BeaconGPS\adafruit_adafruit_feather_m0\Release/core.a(USBCore.cpp.o)
                0x000050b4                USBDeviceClass::armSend(unsigned long, void const*, unsigned long)
 .text._ZN14USBDeviceClass11sendControlEPKvm
                0x000050fc       0x54 C:\Users\junkm\AppData\Local\Temp\VMBuilds\BeaconGPS\adafruit_adafruit_feather_m0\Release/core.a(USBCore.cpp.o)
                0x000050fc                USBDeviceClass::sendControl(void const*, unsigned long)
 .text._ZN14USBDeviceClass20sendStringDescriptorEPKhh
                0x00005150       0x68 C:\Users\junkm\AppData\Local\Temp\VMBuilds\BeaconGPS\adafruit_adafruit_feather_m0\Release/core.a(USBCore.cpp.o)
                0x00005150                USBDeviceClass::sendStringDescriptor(unsigned char const*, unsigned char)
 .text._ZN14USBDeviceClass17sendConfigurationEm
                0x000051b8       0x80 C:\Users\junkm\AppData\Local\Temp\VMBuilds\BeaconGPS\adafruit_adafruit_feather_m0\Release/core.a(USBCore.cpp.o)
                0x000051b8                USBDeviceClass::sendConfiguration(unsigned long)
 .text._ZN14USBDeviceClass14sendDescriptorER8USBSetup
                0x00005238       0xe4 C:\Users\junkm\AppData\Local\Temp\VMBuilds\BeaconGPS\adafruit_adafruit_feather_m0\Release/core.a(USBCore.cpp.o)
                0x00005238                USBDeviceClass::sendDescriptor(USBSetup&)
 .text._ZN14USBDeviceClass19handleStandardSetupER8USBSetup
                0x0000531c      0x104 C:\Users\junkm\AppData\Local\Temp\VMBuilds\BeaconGPS\adafruit_adafruit_feather_m0\Release/core.a(USBCore.cpp.o)
                0x0000531c                USBDeviceClass::handleStandardSetup(USBSetup&)
 .text._ZN14USBDeviceClass10ISRHandlerEv
                0x00005420      0x150 C:\Users\junkm\AppData\Local\Temp\VMBuilds\BeaconGPS\adafruit_adafruit_feather_m0\Release/core.a(USBCore.cpp.o)
                0x00005420                USBDeviceClass::ISRHandler()
 .text.UDD_Handler
                0x00005570       0x10 C:\Users\junkm\AppData\Local\Temp\VMBuilds\BeaconGPS\adafruit_adafruit_feather_m0\Release/core.a(USBCore.cpp.o)
                0x00005570                UDD_Handler
 .text.startup._GLOBAL__sub_I_usbd
                0x00005580       0x10 C:\Users\junkm\AppData\Local\Temp\VMBuilds\BeaconGPS\adafruit_adafruit_feather_m0\Release/core.a(USBCore.cpp.o)
 .text._Znwj    0x00005590        0x8 C:\Users\junkm\AppData\Local\Temp\VMBuilds\BeaconGPS\adafruit_adafruit_feather_m0\Release/core.a(new.cpp.o)
                0x00005590                operator new(unsigned int)
 .text._ZdlPv   0x00005598        0x8 C:\Users\junkm\AppData\Local\Temp\VMBuilds\BeaconGPS\adafruit_adafruit_feather_m0\Release/core.a(new.cpp.o)
                0x00005598                operator delete(void*)
 .text._ZN13PluggableUSB_12getInterfaceEPh
                0x000055a0       0x28 C:\Users\junkm\AppData\Local\Temp\VMBuilds\BeaconGPS\adafruit_adafruit_feather_m0\Release/core.a(PluggableUSB.cpp.o)
                0x000055a0                PluggableUSB_::getInterface(unsigned char*)
 .text._ZN13PluggableUSB_13getDescriptorER8USBSetup
                0x000055c8       0x20 C:\Users\junkm\AppData\Local\Temp\VMBuilds\BeaconGPS\adafruit_adafruit_feather_m0\Release/core.a(PluggableUSB.cpp.o)
                0x000055c8                PluggableUSB_::getDescriptor(USBSetup&)
 .text._ZN13PluggableUSB_5setupER8USBSetup
                0x000055e8       0x20 C:\Users\junkm\AppData\Local\Temp\VMBuilds\BeaconGPS\adafruit_adafruit_feather_m0\Release/core.a(PluggableUSB.cpp.o)
                0x000055e8                PluggableUSB_::setup(USBSetup&)
 .text._Z12PluggableUSBv
                0x00005608       0x24 C:\Users\junkm\AppData\Local\Temp\VMBuilds\BeaconGPS\adafruit_adafruit_feather_m0\Release/core.a(PluggableUSB.cpp.o)
                0x00005608                PluggableUSB()
 .text._ZN20USBDevice_SAMD21G18x5resetEv
                0x0000562c       0x2e C:\Users\junkm\AppData\Local\Temp\VMBuilds\BeaconGPS\adafruit_adafruit_feather_m0\Release/core.a(SAMD21_USBDevice.cpp.o)
                0x0000562c                USBDevice_SAMD21G18x::reset()
 *fill*         0x0000565a        0x2 
 .text._ZN20USBDevice_SAMD21G18x9calibrateEv
                0x0000565c       0x60 C:\Users\junkm\AppData\Local\Temp\VMBuilds\BeaconGPS\adafruit_adafruit_feather_m0\Release/core.a(SAMD21_USBDevice.cpp.o)
                0x0000565c                USBDevice_SAMD21G18x::calibrate()
 .text          0x000056bc       0x14 c:/users/junkm/appdata/local/arduino15/packages/arduino/tools/arm-none-eabi-gcc/7-2017q4/bin/../lib/gcc/arm-none-eabi/7.2.1/thumb/v6-m\libgcc.a(_thumb1_case_uqi.o)
                0x000056bc                __gnu_thumb1_case_uqi
 .text          0x000056d0      0x114 c:/users/junkm/appdata/local/arduino15/packages/arduino/tools/arm-none-eabi-gcc/7-2017q4/bin/../lib/gcc/arm-none-eabi/7.2.1/thumb/v6-m\libgcc.a(_udivsi3.o)
                0x000056d0                __aeabi_uidiv
                0x000056d0                __udivsi3
                0x000057dc                __aeabi_uidivmod
 .text          0x000057e4      0x1d4 c:/users/junkm/appdata/local/arduino15/packages/arduino/tools/arm-none-eabi-gcc/7-2017q4/bin/../lib/gcc/arm-none-eabi/7.2.1/thumb/v6-m\libgcc.a(_divsi3.o)
                0x000057e4                __divsi3
                0x000057e4                __aeabi_idiv
                0x000059b0                __aeabi_idivmod
 .text          0x000059b8        0x4 c:/users/junkm/appdata/local/arduino15/packages/arduino/tools/arm-none-eabi-gcc/7-2017q4/bin/../lib/gcc/arm-none-eabi/7.2.1/thumb/v6-m\libgcc.a(_dvmd_tls.o)
                0x000059b8                __aeabi_idiv0
                0x000059b8                __aeabi_ldiv0
 .text          0x000059bc       0x7c c:/users/junkm/appdata/local/arduino15/packages/arduino/tools/arm-none-eabi-gcc/7-2017q4/bin/../lib/gcc/arm-none-eabi/7.2.1/thumb/v6-m\libgcc.a(_arm_cmpdf2.o)
                0x000059bc                __aeabi_cdrcmple
                0x000059cc                __aeabi_cdcmple
                0x000059cc                __aeabi_cdcmpeq
                0x000059dc                __aeabi_dcmpeq
                0x000059e8                __aeabi_dcmplt
                0x000059fc                __aeabi_dcmple
                0x00005a10                __aeabi_dcmpgt
                0x00005a24                __aeabi_dcmpge
 .text          0x00005a38       0x3c c:/users/junkm/appdata/local/arduino15/packages/arduino/tools/arm-none-eabi-gcc/7-2017q4/bin/../lib/gcc/arm-none-eabi/7.2.1/thumb/v6-m\libgcc.a(_fixunsdfsi.o)
                0x00005a38                __aeabi_d2uiz
                0x00005a38                __fixunsdfsi
 .text          0x00005a74      0x638 c:/users/junkm/appdata/local/arduino15/packages/arduino/tools/arm-none-eabi-gcc/7-2017q4/bin/../lib/gcc/arm-none-eabi/7.2.1/thumb/v6-m\libgcc.a(adddf3.o)
                0x00005a74                __aeabi_dadd
 .text          0x000060ac      0x604 c:/users/junkm/appdata/local/arduino15/packages/arduino/tools/arm-none-eabi-gcc/7-2017q4/bin/../lib/gcc/arm-none-eabi/7.2.1/thumb/v6-m\libgcc.a(divdf3.o)
                0x000060ac                __aeabi_ddiv
 .text          0x000066b0       0x78 c:/users/junkm/appdata/local/arduino15/packages/arduino/tools/arm-none-eabi-gcc/7-2017q4/bin/../lib/gcc/arm-none-eabi/7.2.1/thumb/v6-m\libgcc.a(eqdf2.o)
                0x000066b0                __nedf2
                0x000066b0                __eqdf2
 .text          0x00006728       0xc8 c:/users/junkm/appdata/local/arduino15/packages/arduino/tools/arm-none-eabi-gcc/7-2017q4/bin/../lib/gcc/arm-none-eabi/7.2.1/thumb/v6-m\libgcc.a(gedf2.o)
                0x00006728                __gedf2
                0x00006728                __gtdf2
 .text          0x000067f0       0xd0 c:/users/junkm/appdata/local/arduino15/packages/arduino/tools/arm-none-eabi-gcc/7-2017q4/bin/../lib/gcc/arm-none-eabi/7.2.1/thumb/v6-m\libgcc.a(ledf2.o)
                0x000067f0                __ledf2
                0x000067f0                __ltdf2
 .text          0x000068c0      0x4e4 c:/users/junkm/appdata/local/arduino15/packages/arduino/tools/arm-none-eabi-gcc/7-2017q4/bin/../lib/gcc/arm-none-eabi/7.2.1/thumb/v6-m\libgcc.a(muldf3.o)
                0x000068c0                __aeabi_dmul
 .text          0x00006da4      0x690 c:/users/junkm/appdata/local/arduino15/packages/arduino/tools/arm-none-eabi-gcc/7-2017q4/bin/../lib/gcc/arm-none-eabi/7.2.1/thumb/v6-m\libgcc.a(subdf3.o)
                0x00006da4                __aeabi_dsub
 .text          0x00007434       0x38 c:/users/junkm/appdata/local/arduino15/packages/arduino/tools/arm-none-eabi-gcc/7-2017q4/bin/../lib/gcc/arm-none-eabi/7.2.1/thumb/v6-m\libgcc.a(unorddf2.o)
                0x00007434                __aeabi_dcmpun
 .text          0x0000746c       0x6c c:/users/junkm/appdata/local/arduino15/packages/arduino/tools/arm-none-eabi-gcc/7-2017q4/bin/../lib/gcc/arm-none-eabi/7.2.1/thumb/v6-m\libgcc.a(fixdfsi.o)
                0x0000746c                __aeabi_d2iz
 .text          0x000074d8       0x74 c:/users/junkm/appdata/local/arduino15/packages/arduino/tools/arm-none-eabi-gcc/7-2017q4/bin/../lib/gcc/arm-none-eabi/7.2.1/thumb/v6-m\libgcc.a(floatsidf.o)
                0x000074d8                __aeabi_i2d
 .text          0x0000754c       0x64 c:/users/junkm/appdata/local/arduino15/packages/arduino/tools/arm-none-eabi-gcc/7-2017q4/bin/../lib/gcc/arm-none-eabi/7.2.1/thumb/v6-m\libgcc.a(floatunsidf.o)
                0x0000754c                __aeabi_ui2d
 .text          0x000075b0       0xa4 c:/users/junkm/appdata/local/arduino15/packages/arduino/tools/arm-none-eabi-gcc/7-2017q4/bin/../lib/gcc/arm-none-eabi/7.2.1/thumb/v6-m\libgcc.a(extendsfdf2.o)
                0x000075b0                __aeabi_f2d
 .text          0x00007654       0x3c c:/users/junkm/appdata/local/arduino15/packages/arduino/tools/arm-none-eabi-gcc/7-2017q4/bin/../lib/gcc/arm-none-eabi/7.2.1/thumb/v6-m\libgcc.a(_clzsi2.o)
                0x00007654                __clzsi2
 .text.__assert_func
                0x00007690       0x3c c:/users/junkm/appdata/local/arduino15/packages/arduino/tools/arm-none-eabi-gcc/7-2017q4/bin/../lib/gcc/arm-none-eabi/7.2.1/../../../../arm-none-eabi/lib/thumb/v6-m\libc_nano.a(lib_a-assert.o)
                0x00007690                __assert_func
 .text.fprintf  0x000076cc       0x20 c:/users/junkm/appdata/local/arduino15/packages/arduino/tools/arm-none-eabi-gcc/7-2017q4/bin/../lib/gcc/arm-none-eabi/7.2.1/../../../../arm-none-eabi/lib/thumb/v6-m\libc_nano.a(lib_a-fprintf.o)
                0x000076cc                fiprintf
                0x000076cc                fprintf
 .text.__libc_init_array
                0x000076ec       0x48 c:/users/junkm/appdata/local/arduino15/packages/arduino/tools/arm-none-eabi-gcc/7-2017q4/bin/../lib/gcc/arm-none-eabi/7.2.1/../../../../arm-none-eabi/lib/thumb/v6-m\libc_nano.a(lib_a-init.o)
                0x000076ec                __libc_init_array
 .text.malloc   0x00007734       0x14 c:/users/junkm/appdata/local/arduino15/packages/arduino/tools/arm-none-eabi-gcc/7-2017q4/bin/../lib/gcc/arm-none-eabi/7.2.1/../../../../arm-none-eabi/lib/thumb/v6-m\libc_nano.a(lib_a-malloc.o)
                0x00007734                malloc
 .text.free     0x00007748       0x14 c:/users/junkm/appdata/local/arduino15/packages/arduino/tools/arm-none-eabi-gcc/7-2017q4/bin/../lib/gcc/arm-none-eabi/7.2.1/../../../../arm-none-eabi/lib/thumb/v6-m\libc_nano.a(lib_a-malloc.o)
                0x00007748                free
 .text.__ascii_mbtowc
                0x0000775c       0x24 c:/users/junkm/appdata/local/arduino15/packages/arduino/tools/arm-none-eabi-gcc/7-2017q4/bin/../lib/gcc/arm-none-eabi/7.2.1/../../../../arm-none-eabi/lib/thumb/v6-m\libc_nano.a(lib_a-mbtowc_r.o)
                0x0000775c                __ascii_mbtowc
 .text.memcpy   0x00007780       0x12 c:/users/junkm/appdata/local/arduino15/packages/arduino/tools/arm-none-eabi-gcc/7-2017q4/bin/../lib/gcc/arm-none-eabi/7.2.1/../../../../arm-none-eabi/lib/thumb/v6-m\libc_nano.a(lib_a-memcpy-stub.o)
                0x00007780                memcpy
 .text.memset   0x00007792       0x10 c:/users/junkm/appdata/local/arduino15/packages/arduino/tools/arm-none-eabi-gcc/7-2017q4/bin/../lib/gcc/arm-none-eabi/7.2.1/../../../../arm-none-eabi/lib/thumb/v6-m\libc_nano.a(lib_a-memset.o)
                0x00007792                memset
 *fill*         0x000077a2        0x2 
 .text._free_r  0x000077a4       0x94 c:/users/junkm/appdata/local/arduino15/packages/arduino/tools/arm-none-eabi-gcc/7-2017q4/bin/../lib/gcc/arm-none-eabi/7.2.1/../../../../arm-none-eabi/lib/thumb/v6-m\libc_nano.a(lib_a-nano-freer.o)
                0x000077a4                _free_r
 .text._malloc_r
                0x00007838       0xbc c:/users/junkm/appdata/local/arduino15/packages/arduino/tools/arm-none-eabi-gcc/7-2017q4/bin/../lib/gcc/arm-none-eabi/7.2.1/../../../../arm-none-eabi/lib/thumb/v6-m\libc_nano.a(lib_a-nano-mallocr.o)
                0x00007838                _malloc_r
 .text.__sfputc_r
                0x000078f4       0x2a c:/users/junkm/appdata/local/arduino15/packages/arduino/tools/arm-none-eabi-gcc/7-2017q4/bin/../lib/gcc/arm-none-eabi/7.2.1/../../../../arm-none-eabi/lib/thumb/v6-m\libc_nano.a(lib_a-nano-vfprintf.o)
 .text.__sfputs_r
                0x0000791e       0x24 c:/users/junkm/appdata/local/arduino15/packages/arduino/tools/arm-none-eabi-gcc/7-2017q4/bin/../lib/gcc/arm-none-eabi/7.2.1/../../../../arm-none-eabi/lib/thumb/v6-m\libc_nano.a(lib_a-nano-vfprintf.o)
                0x0000791e                __sfputs_r
 *fill*         0x00007942        0x2 
 .text._vfprintf_r
                0x00007944      0x22c c:/users/junkm/appdata/local/arduino15/packages/arduino/tools/arm-none-eabi-gcc/7-2017q4/bin/../lib/gcc/arm-none-eabi/7.2.1/../../../../arm-none-eabi/lib/thumb/v6-m\libc_nano.a(lib_a-nano-vfprintf.o)
                0x00007944                _vfprintf_r
                0x00007944                _vfiprintf_r
 .text.__cvt    0x00007b70       0xc8 c:/users/junkm/appdata/local/arduino15/packages/arduino/tools/arm-none-eabi-gcc/7-2017q4/bin/../lib/gcc/arm-none-eabi/7.2.1/../../../../arm-none-eabi/lib/thumb/v6-m\libc_nano.a(lib_a-nano-vfprintf_float.o)
                0x00007b70                __cvt
 .text.__exponent
                0x00007c38       0x70 c:/users/junkm/appdata/local/arduino15/packages/arduino/tools/arm-none-eabi-gcc/7-2017q4/bin/../lib/gcc/arm-none-eabi/7.2.1/../../../../arm-none-eabi/lib/thumb/v6-m\libc_nano.a(lib_a-nano-vfprintf_float.o)
                0x00007c38                __exponent
 .text._printf_float
                0x00007ca8      0x498 c:/users/junkm/appdata/local/arduino15/packages/arduino/tools/arm-none-eabi-gcc/7-2017q4/bin/../lib/gcc/arm-none-eabi/7.2.1/../../../../arm-none-eabi/lib/thumb/v6-m\libc_nano.a(lib_a-nano-vfprintf_float.o)
                0x00007ca8                _printf_float
 .text._printf_common
                0x00008140       0xda c:/users/junkm/appdata/local/arduino15/packages/arduino/tools/arm-none-eabi-gcc/7-2017q4/bin/../lib/gcc/arm-none-eabi/7.2.1/../../../../arm-none-eabi/lib/thumb/v6-m\libc_nano.a(lib_a-nano-vfprintf_i.o)
                0x00008140                _printf_common
 *fill*         0x0000821a        0x2 
 .text._printf_i
                0x0000821c      0x210 c:/users/junkm/appdata/local/arduino15/packages/arduino/tools/arm-none-eabi-gcc/7-2017q4/bin/../lib/gcc/arm-none-eabi/7.2.1/../../../../arm-none-eabi/lib/thumb/v6-m\libc_nano.a(lib_a-nano-vfprintf_i.o)
                0x0000821c                _printf_i
 .text.realloc  0x0000842c       0x14 c:/users/junkm/appdata/local/arduino15/packages/arduino/tools/arm-none-eabi-gcc/7-2017q4/bin/../lib/gcc/arm-none-eabi/7.2.1/../../../../arm-none-eabi/lib/thumb/v6-m\libc_nano.a(lib_a-realloc.o)
                0x0000842c                realloc
 .text._sbrk_r  0x00008440       0x24 c:/users/junkm/appdata/local/arduino15/packages/arduino/tools/arm-none-eabi-gcc/7-2017q4/bin/../lib/gcc/arm-none-eabi/7.2.1/../../../../arm-none-eabi/lib/thumb/v6-m\libc_nano.a(lib_a-sbrkr.o)
                0x00008440                _sbrk_r
 .text.strcpy   0x00008464       0x10 c:/users/junkm/appdata/local/arduino15/packages/arduino/tools/arm-none-eabi-gcc/7-2017q4/bin/../lib/gcc/arm-none-eabi/7.2.1/../../../../arm-none-eabi/lib/thumb/v6-m\libc_nano.a(lib_a-strcpy.o)
                0x00008464                strcpy
 .text          0x00008474        0xe c:/users/junkm/appdata/local/arduino15/packages/arduino/tools/arm-none-eabi-gcc/7-2017q4/bin/../lib/gcc/arm-none-eabi/7.2.1/../../../../arm-none-eabi/lib/thumb/v6-m\libc_nano.a(lib_a-strlen.o)
                0x00008474                strlen
 *fill*         0x00008482        0x2 
 .text.__swbuf_r
                0x00008484       0xac c:/users/junkm/appdata/local/arduino15/packages/arduino/tools/arm-none-eabi-gcc/7-2017q4/bin/../lib/gcc/arm-none-eabi/7.2.1/../../../../arm-none-eabi/lib/thumb/v6-m\libc_nano.a(lib_a-wbuf.o)
                0x00008484                __swbuf_r
 .text.__ascii_wctomb
                0x00008530       0x18 c:/users/junkm/appdata/local/arduino15/packages/arduino/tools/arm-none-eabi-gcc/7-2017q4/bin/../lib/gcc/arm-none-eabi/7.2.1/../../../../arm-none-eabi/lib/thumb/v6-m\libc_nano.a(lib_a-wctomb_r.o)
                0x00008530                __ascii_wctomb
 .text.__swsetup_r
                0x00008548       0xec c:/users/junkm/appdata/local/arduino15/packages/arduino/tools/arm-none-eabi-gcc/7-2017q4/bin/../lib/gcc/arm-none-eabi/7.2.1/../../../../arm-none-eabi/lib/thumb/v6-m\libc_nano.a(lib_a-wsetup.o)
                0x00008548                __swsetup_r
 .text.abort    0x00008634        0xe c:/users/junkm/appdata/local/arduino15/packages/arduino/tools/arm-none-eabi-gcc/7-2017q4/bin/../lib/gcc/arm-none-eabi/7.2.1/../../../../arm-none-eabi/lib/thumb/v6-m\libc_nano.a(lib_a-abort.o)
                0x00008634                abort
 .text.quorem   0x00008642      0x10c c:/users/junkm/appdata/local/arduino15/packages/arduino/tools/arm-none-eabi-gcc/7-2017q4/bin/../lib/gcc/arm-none-eabi/7.2.1/../../../../arm-none-eabi/lib/thumb/v6-m\libc_nano.a(lib_a-dtoa.o)
 *fill*         0x0000874e        0x2 
 .text._dtoa_r  0x00008750      0xbc0 c:/users/junkm/appdata/local/arduino15/packages/arduino/tools/arm-none-eabi-gcc/7-2017q4/bin/../lib/gcc/arm-none-eabi/7.2.1/../../../../arm-none-eabi/lib/thumb/v6-m\libc_nano.a(lib_a-dtoa.o)
                0x00008750                _dtoa_r
 .text.__sflush_r
                0x00009310      0x114 c:/users/junkm/appdata/local/arduino15/packages/arduino/tools/arm-none-eabi-gcc/7-2017q4/bin/../lib/gcc/arm-none-eabi/7.2.1/../../../../arm-none-eabi/lib/thumb/v6-m\libc_nano.a(lib_a-fflush.o)
                0x00009310                __sflush_r
 .text._fflush_r
                0x00009424       0x58 c:/users/junkm/appdata/local/arduino15/packages/arduino/tools/arm-none-eabi-gcc/7-2017q4/bin/../lib/gcc/arm-none-eabi/7.2.1/../../../../arm-none-eabi/lib/thumb/v6-m\libc_nano.a(lib_a-fflush.o)
                0x00009424                _fflush_r
 .text.std      0x0000947c       0x48 c:/users/junkm/appdata/local/arduino15/packages/arduino/tools/arm-none-eabi-gcc/7-2017q4/bin/../lib/gcc/arm-none-eabi/7.2.1/../../../../arm-none-eabi/lib/thumb/v6-m\libc_nano.a(lib_a-findfp.o)
 .text._cleanup_r
                0x000094c4       0x10 c:/users/junkm/appdata/local/arduino15/packages/arduino/tools/arm-none-eabi-gcc/7-2017q4/bin/../lib/gcc/arm-none-eabi/7.2.1/../../../../arm-none-eabi/lib/thumb/v6-m\libc_nano.a(lib_a-findfp.o)
                0x000094c4                _cleanup_r
 .text.__sfmoreglue
                0x000094d4       0x2c c:/users/junkm/appdata/local/arduino15/packages/arduino/tools/arm-none-eabi-gcc/7-2017q4/bin/../lib/gcc/arm-none-eabi/7.2.1/../../../../arm-none-eabi/lib/thumb/v6-m\libc_nano.a(lib_a-findfp.o)
                0x000094d4                __sfmoreglue
 .text.__sinit  0x00009500       0x68 c:/users/junkm/appdata/local/arduino15/packages/arduino/tools/arm-none-eabi-gcc/7-2017q4/bin/../lib/gcc/arm-none-eabi/7.2.1/../../../../arm-none-eabi/lib/thumb/v6-m\libc_nano.a(lib_a-findfp.o)
                0x00009500                __sinit
 .text.__sfp    0x00009568       0x7c c:/users/junkm/appdata/local/arduino15/packages/arduino/tools/arm-none-eabi-gcc/7-2017q4/bin/../lib/gcc/arm-none-eabi/7.2.1/../../../../arm-none-eabi/lib/thumb/v6-m\libc_nano.a(lib_a-findfp.o)
                0x00009568                __sfp
 .text._fwalk_reent
                0x000095e4       0x42 c:/users/junkm/appdata/local/arduino15/packages/arduino/tools/arm-none-eabi-gcc/7-2017q4/bin/../lib/gcc/arm-none-eabi/7.2.1/../../../../arm-none-eabi/lib/thumb/v6-m\libc_nano.a(lib_a-fwalk.o)
                0x000095e4                _fwalk_reent
 *fill*         0x00009626        0x2 
 .text._localeconv_r
                0x00009628       0x18 c:/users/junkm/appdata/local/arduino15/packages/arduino/tools/arm-none-eabi-gcc/7-2017q4/bin/../lib/gcc/arm-none-eabi/7.2.1/../../../../arm-none-eabi/lib/thumb/v6-m\libc_nano.a(lib_a-localeconv.o)
                0x00009628                _localeconv_r
 .text.__swhatbuf_r
                0x00009640       0x50 c:/users/junkm/appdata/local/arduino15/packages/arduino/tools/arm-none-eabi-gcc/7-2017q4/bin/../lib/gcc/arm-none-eabi/7.2.1/../../../../arm-none-eabi/lib/thumb/v6-m\libc_nano.a(lib_a-makebuf.o)
                0x00009640                __swhatbuf_r
 .text.__smakebuf_r
                0x00009690       0x88 c:/users/junkm/appdata/local/arduino15/packages/arduino/tools/arm-none-eabi-gcc/7-2017q4/bin/../lib/gcc/arm-none-eabi/7.2.1/../../../../arm-none-eabi/lib/thumb/v6-m\libc_nano.a(lib_a-makebuf.o)
                0x00009690                __smakebuf_r
 .text.memchr   0x00009718       0x16 c:/users/junkm/appdata/local/arduino15/packages/arduino/tools/arm-none-eabi-gcc/7-2017q4/bin/../lib/gcc/arm-none-eabi/7.2.1/../../../../arm-none-eabi/lib/thumb/v6-m\libc_nano.a(lib_a-memchr-stub.o)
                0x00009718                memchr
 .text.__malloc_lock
                0x0000972e        0x2 c:/users/junkm/appdata/local/arduino15/packages/arduino/tools/arm-none-eabi-gcc/7-2017q4/bin/../lib/gcc/arm-none-eabi/7.2.1/../../../../arm-none-eabi/lib/thumb/v6-m\libc_nano.a(lib_a-mlock.o)
                0x0000972e                __malloc_lock
 .text.__malloc_unlock
                0x00009730        0x2 c:/users/junkm/appdata/local/arduino15/packages/arduino/tools/arm-none-eabi-gcc/7-2017q4/bin/../lib/gcc/arm-none-eabi/7.2.1/../../../../arm-none-eabi/lib/thumb/v6-m\libc_nano.a(lib_a-mlock.o)
                0x00009730                __malloc_unlock
 .text._Balloc  0x00009732       0x70 c:/users/junkm/appdata/local/arduino15/packages/arduino/tools/arm-none-eabi-gcc/7-2017q4/bin/../lib/gcc/arm-none-eabi/7.2.1/../../../../arm-none-eabi/lib/thumb/v6-m\libc_nano.a(lib_a-mprec.o)
                0x00009732                _Balloc
 .text._Bfree   0x000097a2       0x32 c:/users/junkm/appdata/local/arduino15/packages/arduino/tools/arm-none-eabi-gcc/7-2017q4/bin/../lib/gcc/arm-none-eabi/7.2.1/../../../../arm-none-eabi/lib/thumb/v6-m\libc_nano.a(lib_a-mprec.o)
                0x000097a2                _Bfree
 .text.__multadd
                0x000097d4       0x7c c:/users/junkm/appdata/local/arduino15/packages/arduino/tools/arm-none-eabi-gcc/7-2017q4/bin/../lib/gcc/arm-none-eabi/7.2.1/../../../../arm-none-eabi/lib/thumb/v6-m\libc_nano.a(lib_a-mprec.o)
                0x000097d4                __multadd
 .text.__hi0bits
                0x00009850       0x34 c:/users/junkm/appdata/local/arduino15/packages/arduino/tools/arm-none-eabi-gcc/7-2017q4/bin/../lib/gcc/arm-none-eabi/7.2.1/../../../../arm-none-eabi/lib/thumb/v6-m\libc_nano.a(lib_a-mprec.o)
                0x00009850                __hi0bits
 .text.__lo0bits
                0x00009884       0x5e c:/users/junkm/appdata/local/arduino15/packages/arduino/tools/arm-none-eabi-gcc/7-2017q4/bin/../lib/gcc/arm-none-eabi/7.2.1/../../../../arm-none-eabi/lib/thumb/v6-m\libc_nano.a(lib_a-mprec.o)
                0x00009884                __lo0bits
 .text.__i2b    0x000098e2       0x12 c:/users/junkm/appdata/local/arduino15/packages/arduino/tools/arm-none-eabi-gcc/7-2017q4/bin/../lib/gcc/arm-none-eabi/7.2.1/../../../../arm-none-eabi/lib/thumb/v6-m\libc_nano.a(lib_a-mprec.o)
                0x000098e2                __i2b
 .text.__multiply
                0x000098f4      0x11e c:/users/junkm/appdata/local/arduino15/packages/arduino/tools/arm-none-eabi-gcc/7-2017q4/bin/../lib/gcc/arm-none-eabi/7.2.1/../../../../arm-none-eabi/lib/thumb/v6-m\libc_nano.a(lib_a-mprec.o)
                0x000098f4                __multiply
 *fill*         0x00009a12        0x2 
 .text.__pow5mult
                0x00009a14       0xa4 c:/users/junkm/appdata/local/arduino15/packages/arduino/tools/arm-none-eabi-gcc/7-2017q4/bin/../lib/gcc/arm-none-eabi/7.2.1/../../../../arm-none-eabi/lib/thumb/v6-m\libc_nano.a(lib_a-mprec.o)
                0x00009a14                __pow5mult
 .text.__lshift
                0x00009ab8       0xa4 c:/users/junkm/appdata/local/arduino15/packages/arduino/tools/arm-none-eabi-gcc/7-2017q4/bin/../lib/gcc/arm-none-eabi/7.2.1/../../../../arm-none-eabi/lib/thumb/v6-m\libc_nano.a(lib_a-mprec.o)
                0x00009ab8                __lshift
 .text.__mcmp   0x00009b5c       0x34 c:/users/junkm/appdata/local/arduino15/packages/arduino/tools/arm-none-eabi-gcc/7-2017q4/bin/../lib/gcc/arm-none-eabi/7.2.1/../../../../arm-none-eabi/lib/thumb/v6-m\libc_nano.a(lib_a-mprec.o)
                0x00009b5c                __mcmp
 .text.__mdiff  0x00009b90       0xc8 c:/users/junkm/appdata/local/arduino15/packages/arduino/tools/arm-none-eabi-gcc/7-2017q4/bin/../lib/gcc/arm-none-eabi/7.2.1/../../../../arm-none-eabi/lib/thumb/v6-m\libc_nano.a(lib_a-mprec.o)
                0x00009b90                __mdiff
 .text.__d2b    0x00009c58       0xa8 c:/users/junkm/appdata/local/arduino15/packages/arduino/tools/arm-none-eabi-gcc/7-2017q4/bin/../lib/gcc/arm-none-eabi/7.2.1/../../../../arm-none-eabi/lib/thumb/v6-m\libc_nano.a(lib_a-mprec.o)
                0x00009c58                __d2b
 .text._calloc_r
                0x00009d00       0x1c c:/users/junkm/appdata/local/arduino15/packages/arduino/tools/arm-none-eabi-gcc/7-2017q4/bin/../lib/gcc/arm-none-eabi/7.2.1/../../../../arm-none-eabi/lib/thumb/v6-m\libc_nano.a(lib_a-nano-callocr.o)
                0x00009d00                _calloc_r
 .text._realloc_r
                0x00009d1c       0x4c c:/users/junkm/appdata/local/arduino15/packages/arduino/tools/arm-none-eabi-gcc/7-2017q4/bin/../lib/gcc/arm-none-eabi/7.2.1/../../../../arm-none-eabi/lib/thumb/v6-m\libc_nano.a(lib_a-nano-reallocr.o)
                0x00009d1c                _realloc_r
 .text._raise_r
                0x00009d68       0x54 c:/users/junkm/appdata/local/arduino15/packages/arduino/tools/arm-none-eabi-gcc/7-2017q4/bin/../lib/gcc/arm-none-eabi/7.2.1/../../../../arm-none-eabi/lib/thumb/v6-m\libc_nano.a(lib_a-signal.o)
                0x00009d68                _raise_r
 .text.raise    0x00009dbc       0x14 c:/users/junkm/appdata/local/arduino15/packages/arduino/tools/arm-none-eabi-gcc/7-2017q4/bin/../lib/gcc/arm-none-eabi/7.2.1/../../../../arm-none-eabi/lib/thumb/v6-m\libc_nano.a(lib_a-signal.o)
                0x00009dbc                raise
 .text._kill_r  0x00009dd0       0x24 c:/users/junkm/appdata/local/arduino15/packages/arduino/tools/arm-none-eabi-gcc/7-2017q4/bin/../lib/gcc/arm-none-eabi/7.2.1/../../../../arm-none-eabi/lib/thumb/v6-m\libc_nano.a(lib_a-signalr.o)
                0x00009dd0                _kill_r
 .text._getpid_r
                0x00009df4        0x8 c:/users/junkm/appdata/local/arduino15/packages/arduino/tools/arm-none-eabi-gcc/7-2017q4/bin/../lib/gcc/arm-none-eabi/7.2.1/../../../../arm-none-eabi/lib/thumb/v6-m\libc_nano.a(lib_a-signalr.o)
                0x00009df4                _getpid_r
 .text.__sread  0x00009dfc       0x28 c:/users/junkm/appdata/local/arduino15/packages/arduino/tools/arm-none-eabi-gcc/7-2017q4/bin/../lib/gcc/arm-none-eabi/7.2.1/../../../../arm-none-eabi/lib/thumb/v6-m\libc_nano.a(lib_a-stdio.o)
                0x00009dfc                __sread
 .text.__swrite
                0x00009e24       0x38 c:/users/junkm/appdata/local/arduino15/packages/arduino/tools/arm-none-eabi-gcc/7-2017q4/bin/../lib/gcc/arm-none-eabi/7.2.1/../../../../arm-none-eabi/lib/thumb/v6-m\libc_nano.a(lib_a-stdio.o)
                0x00009e24                __swrite
 .text.__sseek  0x00009e5c       0x2c c:/users/junkm/appdata/local/arduino15/packages/arduino/tools/arm-none-eabi-gcc/7-2017q4/bin/../lib/gcc/arm-none-eabi/7.2.1/../../../../arm-none-eabi/lib/thumb/v6-m\libc_nano.a(lib_a-stdio.o)
                0x00009e5c                __sseek
 .text.__sclose
                0x00009e88        0xc c:/users/junkm/appdata/local/arduino15/packages/arduino/tools/arm-none-eabi-gcc/7-2017q4/bin/../lib/gcc/arm-none-eabi/7.2.1/../../../../arm-none-eabi/lib/thumb/v6-m\libc_nano.a(lib_a-stdio.o)
                0x00009e88                __sclose
 .text._write_r
                0x00009e94       0x28 c:/users/junkm/appdata/local/arduino15/packages/arduino/tools/arm-none-eabi-gcc/7-2017q4/bin/../lib/gcc/arm-none-eabi/7.2.1/../../../../arm-none-eabi/lib/thumb/v6-m\libc_nano.a(lib_a-writer.o)
                0x00009e94                _write_r
 .text._close_r
                0x00009ebc       0x24 c:/users/junkm/appdata/local/arduino15/packages/arduino/tools/arm-none-eabi-gcc/7-2017q4/bin/../lib/gcc/arm-none-eabi/7.2.1/../../../../arm-none-eabi/lib/thumb/v6-m\libc_nano.a(lib_a-closer.o)
                0x00009ebc                _close_r
 .text._fstat_r
                0x00009ee0       0x24 c:/users/junkm/appdata/local/arduino15/packages/arduino/tools/arm-none-eabi-gcc/7-2017q4/bin/../lib/gcc/arm-none-eabi/7.2.1/../../../../arm-none-eabi/lib/thumb/v6-m\libc_nano.a(lib_a-fstatr.o)
                0x00009ee0                _fstat_r
 .text._isatty_r
                0x00009f04       0x24 c:/users/junkm/appdata/local/arduino15/packages/arduino/tools/arm-none-eabi-gcc/7-2017q4/bin/../lib/gcc/arm-none-eabi/7.2.1/../../../../arm-none-eabi/lib/thumb/v6-m\libc_nano.a(lib_a-isattyr.o)
                0x00009f04                _isatty_r
 .text._lseek_r
                0x00009f28       0x28 c:/users/junkm/appdata/local/arduino15/packages/arduino/tools/arm-none-eabi-gcc/7-2017q4/bin/../lib/gcc/arm-none-eabi/7.2.1/../../../../arm-none-eabi/lib/thumb/v6-m\libc_nano.a(lib_a-lseekr.o)
                0x00009f28                _lseek_r
 .text._malloc_usable_size_r
                0x00009f50       0x10 c:/users/junkm/appdata/local/arduino15/packages/arduino/tools/arm-none-eabi-gcc/7-2017q4/bin/../lib/gcc/arm-none-eabi/7.2.1/../../../../arm-none-eabi/lib/thumb/v6-m\libc_nano.a(lib_a-nano-msizer.o)
                0x00009f50                _malloc_usable_size_r
 .text._read_r  0x00009f60       0x28 c:/users/junkm/appdata/local/arduino15/packages/arduino/tools/arm-none-eabi-gcc/7-2017q4/bin/../lib/gcc/arm-none-eabi/7.2.1/../../../../arm-none-eabi/lib/thumb/v6-m\libc_nano.a(lib_a-readr.o)
                0x00009f60                _read_r
 .text._close   0x00009f88       0x10 c:/users/junkm/appdata/local/arduino15/packages/arduino/tools/arm-none-eabi-gcc/7-2017q4/bin/../lib/gcc/arm-none-eabi/7.2.1/../../../../arm-none-eabi/lib/thumb/v6-m\libnosys.a(close.o)
                0x00009f88                _close
 .text._fstat   0x00009f98       0x10 c:/users/junkm/appdata/local/arduino15/packages/arduino/tools/arm-none-eabi-gcc/7-2017q4/bin/../lib/gcc/arm-none-eabi/7.2.1/../../../../arm-none-eabi/lib/thumb/v6-m\libnosys.a(fstat.o)
                0x00009f98                _fstat
 .text._getpid  0x00009fa8       0x10 c:/users/junkm/appdata/local/arduino15/packages/arduino/tools/arm-none-eabi-gcc/7-2017q4/bin/../lib/gcc/arm-none-eabi/7.2.1/../../../../arm-none-eabi/lib/thumb/v6-m\libnosys.a(getpid.o)
                0x00009fa8                _getpid
 .text._isatty  0x00009fb8       0x10 c:/users/junkm/appdata/local/arduino15/packages/arduino/tools/arm-none-eabi-gcc/7-2017q4/bin/../lib/gcc/arm-none-eabi/7.2.1/../../../../arm-none-eabi/lib/thumb/v6-m\libnosys.a(isatty.o)
                0x00009fb8                _isatty
 .text._kill    0x00009fc8       0x10 c:/users/junkm/appdata/local/arduino15/packages/arduino/tools/arm-none-eabi-gcc/7-2017q4/bin/../lib/gcc/arm-none-eabi/7.2.1/../../../../arm-none-eabi/lib/thumb/v6-m\libnosys.a(kill.o)
                0x00009fc8                _kill
 .text._lseek   0x00009fd8       0x10 c:/users/junkm/appdata/local/arduino15/packages/arduino/tools/arm-none-eabi-gcc/7-2017q4/bin/../lib/gcc/arm-none-eabi/7.2.1/../../../../arm-none-eabi/lib/thumb/v6-m\libnosys.a(lseek.o)
                0x00009fd8                _lseek
 .text._read    0x00009fe8       0x10 c:/users/junkm/appdata/local/arduino15/packages/arduino/tools/arm-none-eabi-gcc/7-2017q4/bin/../lib/gcc/arm-none-eabi/7.2.1/../../../../arm-none-eabi/lib/thumb/v6-m\libnosys.a(read.o)
                0x00009fe8                _read
 .text._sbrk    0x00009ff8       0x1c c:/users/junkm/appdata/local/arduino15/packages/arduino/tools/arm-none-eabi-gcc/7-2017q4/bin/../lib/gcc/arm-none-eabi/7.2.1/../../../../arm-none-eabi/lib/thumb/v6-m\libnosys.a(sbrk.o)
                0x00009ff8                _sbrk
 .text._write   0x0000a014       0x10 c:/users/junkm/appdata/local/arduino15/packages/arduino/tools/arm-none-eabi-gcc/7-2017q4/bin/../lib/gcc/arm-none-eabi/7.2.1/../../../../arm-none-eabi/lib/thumb/v6-m\libnosys.a(write.o)
                0x0000a014                _write
 .text._exit    0x0000a024        0x4 c:/users/junkm/appdata/local/arduino15/packages/arduino/tools/arm-none-eabi-gcc/7-2017q4/bin/../lib/gcc/arm-none-eabi/7.2.1/../../../../arm-none-eabi/lib/thumb/v6-m\libnosys.a(_exit.o)
                0x0000a024                _exit
 *(.init)
 .init          0x0000a028        0x4 c:/users/junkm/appdata/local/arduino15/packages/arduino/tools/arm-none-eabi-gcc/7-2017q4/bin/../lib/gcc/arm-none-eabi/7.2.1/thumb/v6-m/crti.o
                0x0000a028                _init
 .init          0x0000a02c        0x8 c:/users/junkm/appdata/local/arduino15/packages/arduino/tools/arm-none-eabi-gcc/7-2017q4/bin/../lib/gcc/arm-none-eabi/7.2.1/thumb/v6-m/crtn.o
 *(.fini)
 .fini          0x0000a034        0x4 c:/users/junkm/appdata/local/arduino15/packages/arduino/tools/arm-none-eabi-gcc/7-2017q4/bin/../lib/gcc/arm-none-eabi/7.2.1/thumb/v6-m/crti.o
                0x0000a034                _fini
 .fini          0x0000a038        0x8 c:/users/junkm/appdata/local/arduino15/packages/arduino/tools/arm-none-eabi-gcc/7-2017q4/bin/../lib/gcc/arm-none-eabi/7.2.1/thumb/v6-m/crtn.o
 *crtbegin.o(.ctors)
 *crtbegin?.o(.ctors)
 *(EXCLUDE_FILE(*crtend.o *crtend?.o) .ctors)
 *(SORT_BY_NAME(.ctors.*))
 *(.ctors)
 *crtbegin.o(.dtors)
 *crtbegin?.o(.dtors)
 *(EXCLUDE_FILE(*crtend.o *crtend?.o) .dtors)
 *(SORT_BY_NAME(.dtors.*))
 *(.dtors)
 *(.rodata*)
 .rodata        0x0000a040       0x10 BeaconGPS.cpp.o
 .rodata._Z10setupRFM69v.str1.1
                0x0000a050       0xbd BeaconGPS.cpp.o
 *fill*         0x0000a10d        0x3 
 .rodata._ZTV15RHGenericDriver
                0x0000a110       0x58 RadioHead\RHGenericDriver.cpp.o
                0x0000a110                vtable for RHGenericDriver
 .rodata._ZTV12RHGenericSPI
                0x0000a168       0x30 RadioHead\RHGenericSPI.cpp.o
                0x0000a168                vtable for RHGenericSPI
 .rodata.CSWTCH.13
                0x0000a198        0x4 RadioHead\RHHardwareSPI.cpp.o
 .rodata._ZTV13RHHardwareSPI
                0x0000a19c       0x30 RadioHead\RHHardwareSPI.cpp.o
                0x0000a19c                vtable for RHHardwareSPI
 .rodata._ZTV11RHSPIDriver
                0x0000a1cc       0x58 RadioHead\RHSPIDriver.cpp.o
                0x0000a1cc                vtable for RHSPIDriver
 .rodata._ZL7symbols
                0x0000a224       0x10 RadioHead\RH_ASK.cpp.o
 .rodata        0x0000a234        0x2 RadioHead\RH_RF69.cpp.o
 .rodata._ZL18MODEM_CONFIG_TABLE
                0x0000a236       0xd8 RadioHead\RH_RF69.cpp.o
 *fill*         0x0000a30e        0x2 
 .rodata._ZTV7RH_RF69
                0x0000a310       0x58 RadioHead\RH_RF69.cpp.o
                0x0000a310                vtable for RH_RF69
 .rodata._ZN8SPIClassC2EP6SERCOMhhh14SercomSpiTXPad11SercomRXPad.str1.1
                0x0000a368       0x75 SPI\SPI.cpp.o
 .rodata._ZZN8SPIClassC4EP6SERCOMhhh14SercomSpiTXPad11SercomRXPadE19__PRETTY_FUNCTION__
                0x0000a3dd       0x54 SPI\SPI.cpp.o
 *fill*         0x0000a431        0x3 
 .rodata.g_APinDescription
                0x0000a434      0x450 C:\Users\junkm\AppData\Local\Temp\VMBCore\arduino16x\f0b185a0523ead7a5b31faae64a1d08b\variant\variant.cpp.o
                0x0000a434                g_APinDescription
 .rodata._ZN5Print7printlnEv.str1.1